ARM Linker, 5.03 [Build 76] [MDK-ARM Lite]

==============================================================================

Section Cross References

    startup.o(STACK) refers (Special) to heapauxi.o(.text) for __use_two_region_memory
    startup.o(HEAP) refers (Special) to heapauxi.o(.text) for __use_two_region_memory
    startup.o(RESET) refers (Special) to heapauxi.o(.text) for __use_two_region_memory
    startup.o(RESET) refers to startup.o(STACK) for StackMem
    startup.o(RESET) refers to systick.o(i.SysTick_Handler) for SysTick_Handler
    startup.o(RESET) refers to button.o(i.Timer0A_Handler) for Timer0A_Handler
    startup.o(RESET) refers to button.o(i.GPIOPortF_Handler) for GPIOPortF_Handler
    startup.o(RESET) refers to __main.o(!!!main) for __main
    startup.o(.text) refers (Special) to heapauxi.o(.text) for __use_two_region_memory
    startup.o(.text) refers to startup.o(HEAP) for HeapMem
    startup.o(.text) refers to startup.o(STACK) for StackMem
    main.o(i.main) refers to pll.o(i.PLL_Init) for PLL_Init
    main.o(i.main) refers to button.o(i.PortF_Init) for PortF_Init
    main.o(i.main) refers to main.o(i.PortD_Init) for PortD_Init
    main.o(i.main) refers to systick.o(i.SysTick_Init) for SysTick_Init
    main.o(i.main) refers to adcswtrigger.o(i.ADC0_InitSWTriggerSeq3_Ch9) for ADC0_InitSWTriggerSeq3_Ch9
    main.o(i.main) refers to st7735.o(i.ST7735_InitR) for ST7735_InitR
    main.o(i.main) refers to button.o(i.EdgeInterrupt_Init) for EdgeInterrupt_Init
    main.o(i.main) refers to startup.o(.text) for EnableInterrupts
    main.o(i.main) refers to st7735.o(i.ST7735_FillScreen) for ST7735_FillScreen
    main.o(i.main) refers to timer.o(i.outputTime) for outputTime
    main.o(i.main) refers to lcd.o(i.drawFace) for drawFace
    main.o(i.main) refers to lcd.o(i.drawHands) for drawHands
    main.o(i.main) refers to timer.o(i.updateTime) for updateTime
    main.o(i.main) refers to speaker.o(i.checkAlarm) for checkAlarm
    main.o(i.main) refers to lcd.o(i.eraseHands) for eraseHands
    main.o(i.main) refers to st7735.o(i.ST7735_DrawString) for ST7735_DrawString
    main.o(i.main) refers to adcswtrigger.o(i.ADC0_InSeq3) for ADC0_InSeq3
    main.o(i.main) refers to st7735.o(i.ST7735_SetCursor) for ST7735_SetCursor
    main.o(i.main) refers to timer.o(.data) for time
    main.o(i.main) refers to main.o(.data) for lastTimePressed
    main.o(i.main) refers to systick.o(.data) for secFlag
    main.o(i.main) refers to speaker.o(.data) for alarm
    main.o(i.main) refers to timer.o(i.outputTimer) for outputTimer
    main.o(i.main) refers to st7735.o(i.ST7735_SetTextColor) for ST7735_SetTextColor
    main.o(i.main) refers to button.o(.data) for sw_flag
    main.o(.data) refers to main.o(.conststring) for .conststring
    fixed.o(i.ST7735_XYplot) refers to st7735.o(i.ST7735_DrawPixel) for ST7735_DrawPixel
    fixed.o(i.ST7735_XYplot) refers to fixed.o(.data) for min_X
    fixed.o(i.ST7735_XYplotInit) refers to st7735.o(i.ST7735_FillScreen) for ST7735_FillScreen
    fixed.o(i.ST7735_XYplotInit) refers to st7735.o(i.ST7735_SetCursor) for ST7735_SetCursor
    fixed.o(i.ST7735_XYplotInit) refers to st7735.o(i.ST7735_DrawString) for ST7735_DrawString
    fixed.o(i.ST7735_XYplotInit) refers to fixed.o(.data) for min_X
    fixed.o(i.ST7735_sDecOut2) refers to _printf_percent.o(.ARM.Collect$$_printf_percent$$00000000) for _printf_percent
    fixed.o(i.ST7735_sDecOut2) refers to _printf_d.o(.ARM.Collect$$_printf_percent$$00000009) for _printf_d
    fixed.o(i.ST7735_sDecOut2) refers to _printf_dec.o(.text) for _printf_int_dec
    fixed.o(i.ST7735_sDecOut2) refers to _printf_pad.o(.text) for _printf_pre_padding
    fixed.o(i.ST7735_sDecOut2) refers to noretval__2printf.o(.text) for __2printf
    fixed.o(i.ST7735_sDecOut2) refers to st7735.o(i.ST7735_OutString) for ST7735_OutString
    fixed.o(i.ST7735_uBinOut6) refers to _printf_pad.o(.text) for _printf_pre_padding
    fixed.o(i.ST7735_uBinOut6) refers to _printf_percent.o(.ARM.Collect$$_printf_percent$$00000000) for _printf_percent
    fixed.o(i.ST7735_uBinOut6) refers to _printf_d.o(.ARM.Collect$$_printf_percent$$00000009) for _printf_d
    fixed.o(i.ST7735_uBinOut6) refers to _printf_dec.o(.text) for _printf_int_dec
    fixed.o(i.ST7735_uBinOut6) refers to st7735.o(i.ST7735_OutString) for ST7735_OutString
    fixed.o(i.ST7735_uBinOut6) refers to noretval__2printf.o(.text) for __2printf
    st7735.o(i.Output_Clear) refers to st7735.o(i.ST7735_FillScreen) for ST7735_FillScreen
    st7735.o(i.Output_Color) refers to st7735.o(i.ST7735_SetTextColor) for ST7735_SetTextColor
    st7735.o(i.Output_Init) refers to st7735.o(i.ST7735_InitR) for ST7735_InitR
    st7735.o(i.Output_Init) refers to st7735.o(i.ST7735_FillScreen) for ST7735_FillScreen
    st7735.o(i.Output_Off) refers to st7735.o(i.Output_Clear) for Output_Clear
    st7735.o(i.Output_On) refers to st7735.o(i.Output_Init) for Output_Init
[...]
    malloc.o(.text) refers (Special) to hguard.o(.text) for __heap$guard
    malloc.o(.text) refers (Special) to init_alloc.o(.text) for _init_alloc
    malloc.o(.text) refers to rt_heap_descriptor_intlibspace.o(.text) for __rt_heap_descriptor
    malloc.o(.text) refers to heapstubs.o(.text) for __Heap_Alloc
    h1_alloc.o(.text) refers (Special) to h1_init.o(.text) for __Heap_Initialize
    h1_alloc.o(.text) refers to rt_heap_descriptor_intlibspace.o(.text) for __rt_heap_descriptor
    h1_alloc.o(.text) refers to init_alloc.o(.text) for __Heap_Full
    h1_alloc_mt.o(.text) refers (Special) to h1_init.o(.text) for __Heap_Initialize
    h1_alloc_mt.o(.text) refers to init_alloc.o(.text) for __Heap_Full
    h1_alloc_mt.o(.text) refers to rt_heap_descriptor_intlibspace.o(.text) for __rt_heap_descriptor
    fseek.o(.text) refers to sys_io.o(.text) for _sys_istty
    fseek.o(.text) refers to ftell.o(.text) for _ftell_internal
    fseek.o(.text) refers to stdio.o(.text) for _seterr
    stdio.o(.text) refers to sys_io.o(.text) for _sys_seek
    defsig_exit.o(.text) refers to sys_exit.o(.text) for _sys_exit
    defsig_rtred_inner.o(.text) refers to defsig_general.o(.text) for __default_signal_display
    argv_veneer.o(.emb_text) refers to no_argv.o(.text) for __ARM_get_argv
    trapv.o(x$fpl$trapveneer) refers (Special) to usenofp.o(x$fpl$usenofp) for __I$use$fp
    sys_exit.o(.text) refers (Special) to use_no_semi.o(.text) for __I$use$semihosting
    sys_exit.o(.text) refers (Special) to indicate_semi.o(.text) for __semihosting_library_function
    rtexit2.o(.ARM.Collect$$rtexit$$00000003) refers to libshutdown.o(.ARM.Collect$$libshutdown$$00000000) for __rt_lib_shutdown
    rtexit2.o(.ARM.Collect$$rtexit$$00000004) refers to sys_exit.o(.text) for _sys_exit
    rtexit2.o(.ARM.exidx) refers to rtexit2.o(.ARM.Collect$$rtexit$$00000001) for .ARM.Collect$$rtexit$$00000001
    rtexit2.o(.ARM.exidx) refers to rtexit2.o(.ARM.Collect$$rtexit$$00000003) for .ARM.Collect$$rtexit$$00000003
    rtexit2.o(.ARM.exidx) refers to rtexit2.o(.ARM.Collect$$rtexit$$00000004) for .ARM.Collect$$rtexit$$00000004
    maybetermalloc2.o(.emb_text) refers (Special) to term_alloc.o(.text) for _terminate_alloc
    h1_extend.o(.text) refers to h1_free.o(.text) for free
    h1_init_mt.o(.text) refers to mutex_dummy.o(.text) for _mutex_initialize
    h1_extend_mt.o(.text) refers to h1_free_mt.o(.text) for _free_internal
    ftell.o(.text) refers to rt_errno_addr_intlibspace.o(.text) for __aeabi_errno_addr
    __raise.o(.text) refers to defsig.o(CL$$defsig) for __default_signal_handler
    defsig_general.o(.text) refers to sys_wrch.o(.text) for _ttywrch
    defsig_rtmem_outer.o(.text) refers to defsig_rtmem_inner.o(.text) for __rt_SIGRTMEM_inner
    defsig_rtmem_outer.o(.text) refers to defsig_exit.o(.text) for __sig_exit
    defsig_rtmem_formal.o(.text) refers to rt_raise.o(.text) for __rt_raise
    heapauxa.o(.text) refers to heapauxa.o(.data) for .data
    _get_argv.o(.text) refers (Special) to hrguard.o(.text) for __heap_region$guard
    _get_argv.o(.text) refers to h1_alloc.o(.text) for malloc
    _get_argv.o(.text) refers to defsig_rtmem_outer.o(.text) for __rt_SIGRTMEM
    _get_argv.o(.text) refers to sys_command.o(.text) for _sys_command_string
    _get_argv_nomalloc.o(.text) refers (Special) to hrguard.o(.text) for __heap_region$guard
    _get_argv_nomalloc.o(.text) refers to defsig_rtmem_outer.o(.text) for __rt_SIGRTMEM
    _get_argv_nomalloc.o(.text) refers to sys_command.o(.text) for _sys_command_string
    sys_wrch.o(.text) refers (Special) to use_no_semi.o(.text) for __I$use$semihosting
    sys_wrch.o(.text) refers (Special) to indicate_semi.o(.text) for __semihosting_library_function
    sys_command.o(.text) refers (Special) to use_no_semi.o(.text) for __I$use$semihosting
    sys_command.o(.text) refers (Special) to indicate_semi.o(.text) for __semihosting_library_function
    term_alloc.o(.text) refers (Special) to libshutdown2.o(.ARM.Collect$$libshutdown$$0000000D) for __rt_lib_shutdown_heap_2
    term_alloc.o(.text) refers to rt_heap_descriptor_intlibspace.o(.text) for __rt_heap_descriptor
    term_alloc.o(.text) refers to h1_final.o(.text) for __Heap_Finalize
    defsig_rtmem_inner.o(.text) refers to defsig_general.o(.text) for __default_signal_display
    defsig.o(CL$$defsig) refers to defsig_rtred_inner.o(.text) for __rt_SIGRTRED_inner
    defsig.o(CL$$defsig) refers to defsig_rtmem_inner.o(.text) for __rt_SIGRTMEM_inner
    libshutdown.o(.ARM.Collect$$libshutdown$$00000000) refers (Special) to libshutdown2.o(.ARM.Collect$$libshutdown$$00000006) for __rt_lib_shutdown_fp_trap_1
    libshutdown.o(.ARM.Collect$$libshutdown$$00000000) refers (Special) to libshutdown2.o(.ARM.Collect$$libshutdown$$0000000E) for __rt_lib_shutdown_heap_1
    libshutdown.o(.ARM.Collect$$libshutdown$$00000000) refers (Special) to libshutdown2.o(.ARM.Collect$$libshutdown$$0000000F) for __rt_lib_shutdown_return
    libshutdown.o(.ARM.Collect$$libshutdown$$00000000) refers (Special) to libshutdown2.o(.ARM.Collect$$libshutdown$$00000009) for __rt_lib_shutdown_signal_1
    libshutdown.o(.ARM.Collect$$libshutdown$$00000000) refers (Special) to libshutdown2.o(.ARM.Collect$$libshutdown$$00000003) for __rt_lib_shutdown_stdio_1
    libshutdown.o(.ARM.Collect$$libshutdown$$00000000) refers (Special) to libshutdown2.o(.ARM.Collect$$libshutdown$$0000000B) for __rt_lib_shutdown_user_alloc_1
    defsig_abrt_inner.o(.text) refers to defsig_general.o(.text) for __default_signal_display
    defsig_fpe_inner.o(.text) refers to defsig_general.o(.text) for __default_signal_display
    defsig_stak_inner.o(.text) refers to defsig_general.o(.text) for __default_signal_display
    defsig_pvfn_inner.o(.text) refers to defsig_general.o(.text) for __default_signal_display
    defsig_cppl_inner.o(.text) refers to defsig_general.o(.text) for __default_signal_display
    defsig_segv_inner.o(.text) refers to defsig_general.o(.text) for __default_signal_display
    defsig_other.o(.text) refers to defsig_general.o(.text) for __default_signal_display


==============================================================================

Removing Unused input sections from the image.

    Removing fixed.o(i.ST7735_XYplot), (168 bytes).
    Removing fixed.o(i.ST7735_XYplotInit), (84 bytes).
    Removing fixed.o(i.ST7735_sDecOut2), (152 bytes).
    Removing fixed.o(i.ST7735_uBinOut6), (112 bytes).
    Removing fixed.o(.data), (16 bytes).
    Removing st7735.o(i.Output_Clear), (10 bytes).
    Removing st7735.o(i.Output_Color), (12 bytes).
    Removing st7735.o(i.Output_Init), (16 bytes).
    Removing st7735.o(i.Output_Off), (8 bytes).
    Removing st7735.o(i.Output_On), (8 bytes).
    Removing st7735.o(i.ST7735_Color565), (24 bytes).
    Removing st7735.o(i.ST7735_DrawChar), (268 bytes).
    Removing st7735.o(i.ST7735_DrawFastHLine), (124 bytes).
    Removing st7735.o(i.ST7735_InitB), (40 bytes).
    Removing st7735.o(i.ST7735_InvertDisplay), (22 bytes).
    Removing st7735.o(i.ST7735_OutString), (24 bytes).
    Removing st7735.o(i.ST7735_PlotBar), (88 bytes).
    Removing st7735.o(i.ST7735_PlotClear), (92 bytes).
    Removing st7735.o(i.ST7735_PlotLine), (264 bytes).
    Removing st7735.o(i.ST7735_PlotNext), (32 bytes).
    Removing st7735.o(i.ST7735_PlotNextErase), (64 bytes).
    Removing st7735.o(i.ST7735_PlotPoint), (152 bytes).
    Removing st7735.o(i.ST7735_PlotPoints), (172 bytes).
    Removing st7735.o(i.ST7735_PlotdBfs), (60 bytes).
    Removing st7735.o(i.ST7735_SetRotation), (212 bytes).
    Removing st7735.o(i.ST7735_SwapColor), (18 bytes).
    Removing st7735.o(i.ferror), (8 bytes).
    Removing st7735.o(i.fgetc), (6 bytes).
    Removing st7735.o(i.fputc), (16 bytes).
    Removing systick.o(i.SysTick_Wait), (32 bytes).
    Removing systick.o(i.SysTick_Wait10ms), (28 bytes).

31 unused section(s) (total 2332 bytes) removed from the image.

==============================================================================

Image Symbol Table

    Local Symbols

    Symbol Name                              Value     Ov Type        Size  Object(Section)

    RESET                                    0x00000000   Section      644  startup.o(RESET)
    ../clib/angel/boardlib.s                 0x00000000   Number         0  boardshut.o ABSOLUTE
    ../clib/angel/boardlib.s                 0x00000000   Number         0  boardinit1.o ABSOLUTE
    ../clib/angel/boardlib.s                 0x00000000   Number         0  boardinit3.o ABSOLUTE
    ../clib/angel/boardlib.s                 0x00000000   Number         0  boardinit2.o ABSOLUTE
    ../clib/angel/dczerorl2.s                0x00000000   Number         0  __dczerorl2.o ABSOLUTE
    ../clib/angel/handlers.s                 0x00000000   Number         0  __scatter_zi.o ABSOLUTE
    ../clib/angel/kernel.s                   0x00000000   Number         0  rtexit.o ABSOLUTE
    ../clib/angel/kernel.s                   0x00000000   Number         0  rtentry4.o ABSOLUTE
    ../clib/angel/kernel.s                   0x00000000   Number         0  rtentry2.o ABSOLUTE
    ../clib/angel/kernel.s                   0x00000000   Number         0  rtexit2.o ABSOLUTE
    ../clib/angel/kernel.s                   0x00000000   Number         0  rtentry.o ABSOLUTE
    ../clib/angel/rt.s                       0x00000000   Number         0  rt_errno_addr_intlibspace.o ABSOLUTE
    ../clib/angel/rt.s                       0x00000000   Number         0  rt_errno_addr.o ABSOLUTE
    ../clib/angel/rt.s                       0x00000000   Number         0  rt_raise.o ABSOLUTE
    ../clib/angel/rt.s                       0x00000000   Number         0  rt_heap_descriptor.o ABSOLUTE
    ../clib/angel/rt.s                       0x00000000   Number         0  rt_heap_descriptor_intlibspace.o ABSOLUTE
    ../clib/angel/scatter.s                  0x00000000   Number         0  __scatter.o ABSOLUTE
    ../clib/angel/startup.s                  0x00000000   Number         0  __main.o ABSOLUTE
    ../clib/angel/sys.s                      0x00000000   Number         0  sys_stackheap_outer.o ABSOLUTE
    ../clib/angel/sys.s                      0x00000000   Number         0  indicate_semi.o ABSOLUTE
    ../clib/angel/sys.s                      0x00000000   Number         0  use_no_semi.o ABSOLUTE
    ../clib/angel/sys.s                      0x00000000   Number         0  libspace.o ABSOLUTE
    ../clib/angel/sys.s                      0x00000000   Number         0  mutex_dummy.o ABSOLUTE
    ../clib/angel/sysapp.c                   0x00000000   Number         0  sys_wrch.o ABSOLUTE
    ../clib/angel/sysapp.c                   0x00000000   Number         0  sys_io.o ABSOLUTE
    ../clib/angel/sysapp.c                   0x00000000   Number         0  sys_command.o ABSOLUTE
    ../clib/angel/sysapp.c                   0x00000000   Number         0  sys_exit.o ABSOLUTE
    ../clib/armsys.c                         0x00000000   Number         0  _get_argv.o ABSOLUTE
    ../clib/armsys.c                         0x00000000   Number         0  no_argv.o ABSOLUTE
    ../clib/armsys.c                         0x00000000   Number         0  argv_veneer.o ABSOLUTE
    ../clib/armsys.c                         0x00000000   Number         0  argv_veneer.o ABSOLUTE
    ../clib/armsys.c                         0x00000000   Number         0  _get_argv_nomalloc.o ABSOLUTE
    ../clib/fenv.c                           0x00000000   Number         0  _rserrno.o ABSOLUTE
    ../clib/heap1.c                          0x00000000   Number         0  h1_alloc_mt.o ABSOLUTE
    ../clib/heap1.c                          0x00000000   Number         0  h1_alloc.o ABSOLUTE
    ../clib/heap1.c                          0x00000000   Number         0  h1_final.o ABSOLUTE
    ../clib/heap1.c                          0x00000000   Number         0  h1_free.o ABSOLUTE
    ../clib/heap1.c                          0x00000000   Number         0  h1_free_mt.o ABSOLUTE
    ../clib/heap1.c                          0x00000000   Number         0  h1_extend.o ABSOLUTE
    ../clib/heap1.c                          0x00000000   Number         0  h1_init.o ABSOLUTE
    ../clib/heap1.c                          0x00000000   Number         0  h1_extend_mt.o ABSOLUTE
    ../clib/heap1.c                          0x00000000   Number         0  h1_final_mt.o ABSOLUTE
    ../clib/heap1.c                          0x00000000   Number         0  h1_init_mt.o ABSOLUTE
    ../clib/heap2.c                          0x00000000   Number         0  heap2mt.o ABSOLUTE
    ../clib/heap2.c                          0x00000000   Number         0  fdtree.o ABSOLUTE
    ../clib/heap2.c                          0x00000000   Number         0  heap2.o ABSOLUTE
    ../clib/heapalloc.c                      0x00000000   Number         0  free.o ABSOLUTE
    ../clib/heapalloc.c                      0x00000000   Number         0  hguard.o ABSOLUTE
    ../clib/heapalloc.c                      0x00000000   Number         0  term_alloc.o ABSOLUTE
    ../clib/heapalloc.c                      0x00000000   Number         0  maybetermalloc2.o ABSOLUTE
    ../clib/heapalloc.c                      0x00000000   Number         0  maybetermalloc1.o ABSOLUTE
    ../clib/heapalloc.c                      0x00000000   Number         0  init_alloc.o ABSOLUTE
    ../clib/heapalloc.c                      0x00000000   Number         0  hrguard.o ABSOLUTE
    ../clib/heapalloc.c                      0x00000000   Number         0  maybetermalloc1.o ABSOLUTE
    ../clib/heapalloc.c                      0x00000000   Number         0  malloc.o ABSOLUTE
    ../clib/heapalloc.c                      0x00000000   Number         0  heapstubs.o ABSOLUTE
    ../clib/heapalloc.c                      0x00000000   Number         0  maybetermalloc2.o ABSOLUTE
    ../clib/heapaux.c                        0x00000000   Number         0  heapauxa.o ABSOLUTE
    ../clib/heapaux.c                        0x00000000   Number         0  heapauxi.o ABSOLUTE
    ../clib/libinit.s                        0x00000000   Number         0  libshutdown.o ABSOLUTE
    ../clib/libinit.s                        0x00000000   Number         0  libinit.o ABSOLUTE
    ../clib/libinit.s                        0x00000000   Number         0  libinit2.o ABSOLUTE
    ../clib/libinit.s                        0x00000000   Number         0  libshutdown2.o ABSOLUTE
    ../clib/memcpset.s                       0x00000000   Number         0  rt_memclr_w.o ABSOLUTE
    ../clib/memcpset.s                       0x00000000   Number         0  rt_memcpy_w.o ABSOLUTE
    ../clib/misc.s                           0x00000000   Number         0  printf_stubs.o ABSOLUTE
    ../clib/printf.c                         0x00000000   Number         0  __printf_ss.o ABSOLUTE
    ../clib/printf.c                         0x00000000   Number         0  __printf_flags_ss.o ABSOLUTE
    ../clib/printf.c                         0x00000000   Number         0  __printf_wp.o ABSOLUTE
    ../clib/printf.c                         0x00000000   Number         0  __printf_flags_wp.o ABSOLUTE
    ../clib/printf.c                         0x00000000   Number         0  __printf_ss_wp.o ABSOLUTE
    ../clib/printf.c                         0x00000000   Number         0  __printf_flags_ss_wp.o ABSOLUTE
    ../clib/printf.c                         0x00000000   Number         0  __printf_nopercent.o ABSOLUTE
    ../clib/printf.c                         0x00000000   Number         0  _printf_intcommon.o ABSOLUTE
    ../clib/printf.c                         0x00000000   Number         0  _printf_char_file.o ABSOLUTE
    ../clib/printf.c                         0x00000000   Number         0  _printf_char_common.o ABSOLUTE
    ../clib/printf.c                         0x00000000   Number         0  __2printf.o ABSOLUTE
    ../clib/printf.c                         0x00000000   Number         0  noretval__2printf.o ABSOLUTE
    ../clib/printf.c                         0x00000000   Number         0  __printf.o ABSOLUTE
    ../clib/printf.c                         0x00000000   Number         0  _printf_pad.o ABSOLUTE
    ../clib/printf.c                         0x00000000   Number         0  _printf_dec.o ABSOLUTE
    ../clib/printf.c                         0x00000000   Number         0  __printf_flags.o ABSOLUTE
    ../clib/printf_percent.s                 0x00000000   Number         0  _printf_d.o ABSOLUTE
    ../clib/printf_percent.s                 0x00000000   Number         0  _printf_percent.o ABSOLUTE
    ../clib/printf_percent.s                 0x00000000   Number         0  _printf_percent_end.o ABSOLUTE
    ../clib/signal.c                         0x00000000   Number         0  defsig_other.o ABSOLUTE
    ../clib/signal.c                         0x00000000   Number         0  defsig_pvfn_inner.o ABSOLUTE
    ../clib/signal.c                         0x00000000   Number         0  defsig_stak_inner.o ABSOLUTE
    ../clib/signal.c                         0x00000000   Number         0  defsig_fpe_inner.o ABSOLUTE
    ../clib/signal.c                         0x00000000   Number         0  defsig_abrt_inner.o ABSOLUTE
    ../clib/signal.c                         0x00000000   Number         0  defsig_general.o ABSOLUTE
    ../clib/signal.c                         0x00000000   Number         0  defsig_rtred_outer.o ABSOLUTE
    ../clib/signal.c                         0x00000000   Number         0  defsig_rtmem_formal.o ABSOLUTE
    ../clib/signal.c                         0x00000000   Number         0  defsig_rtmem_outer.o ABSOLUTE
    ../clib/signal.c                         0x00000000   Number         0  defsig_rtred_formal.o ABSOLUTE
    ../clib/signal.c                         0x00000000   Number         0  __raise.o ABSOLUTE
    ../clib/signal.c                         0x00000000   Number         0  defsig_rtmem_inner.o ABSOLUTE
    ../clib/signal.c                         0x00000000   Number         0  defsig_segv_inner.o ABSOLUTE
    ../clib/signal.c                         0x00000000   Number         0  defsig_cppl_inner.o ABSOLUTE
    ../clib/signal.c                         0x00000000   Number         0  defsig_exit.o ABSOLUTE
    ../clib/signal.c                         0x00000000   Number         0  defsig_rtred_inner.o ABSOLUTE
    ../clib/signal.s                         0x00000000   Number         0  defsig.o ABSOLUTE
    ../clib/stdio.c                          0x00000000   Number         0  fclose.o ABSOLUTE
    ../clib/stdio.c                          0x00000000   Number         0  fopen.o ABSOLUTE
    ../clib/stdio.c                          0x00000000   Number         0  streamlock.o ABSOLUTE
    ../clib/stdio.c                          0x00000000   Number         0  setvbuf.o ABSOLUTE
    ../clib/stdio.c                          0x00000000   Number         0  ftell.o ABSOLUTE
    ../clib/stdio.c                          0x00000000   Number         0  stdio_streams.o ABSOLUTE
    ../clib/stdio.c                          0x00000000   Number         0  initio_locked.o ABSOLUTE
    ../clib/stdio.c                          0x00000000   Number         0  stdio.o ABSOLUTE
    ../clib/stdio.c                          0x00000000   Number         0  initio.o ABSOLUTE
    ../clib/stdio.c                          0x00000000   Number         0  fopen_locked.o ABSOLUTE
    ../clib/stdio.c                          0x00000000   Number         0  fseek.o ABSOLUTE
    ../clib/stdio.c                          0x00000000   Number         0  setvbuf_locked.o ABSOLUTE
    ../clib/stdlib.c                         0x00000000   Number         0  exit.o ABSOLUTE
    ../clib/string.c                         0x00000000   Number         0  strlen.o ABSOLUTE
    ../fplib/daddsub.s                       0x00000000   Number         0  daddsub_clz.o ABSOLUTE
    ../fplib/dcheck1.s                       0x00000000   Number         0  dcheck1.o ABSOLUTE
    ../fplib/ddiv.s                          0x00000000   Number         0  ddiv.o ABSOLUTE
    ../fplib/dfix.s                          0x00000000   Number         0  dfix.o ABSOLUTE
    ../fplib/dflt.s                          0x00000000   Number         0  dflt_clz.o ABSOLUTE
    ../fplib/dmul.s                          0x00000000   Number         0  dmul.o ABSOLUTE
    ../fplib/dnaninf.s                       0x00000000   Number         0  dnaninf.o ABSOLUTE
    ../fplib/dretinf.s                       0x00000000   Number         0  dretinf.o ABSOLUTE
    ../fplib/fpinit.s                        0x00000000   Number         0  fpinit.o ABSOLUTE
    ../fplib/retnan.s                        0x00000000   Number         0  retnan.o ABSOLUTE
    ../fplib/scalbn.s                        0x00000000   Number         0  scalbn.o ABSOLUTE
    ../fplib/trapv.s                         0x00000000   Number         0  trapv.o ABSOLUTE
    ../fplib/usenofp.s                       0x00000000   Number         0  usenofp.o ABSOLUTE
    ../mathlib/cos.c                         0x00000000   Number         0  cos_x.o ABSOLUTE
    ../mathlib/cos.c                         0x00000000   Number         0  cos.o ABSOLUTE
    ../mathlib/cos_i.c                       0x00000000   Number         0  cos_i.o ABSOLUTE
    ../mathlib/dunder.c                      0x00000000   Number         0  dunder.o ABSOLUTE
    ../mathlib/fpclassify.c                  0x00000000   Number         0  fpclassify.o ABSOLUTE
    ../mathlib/poly.c                        0x00000000   Number         0  poly.o ABSOLUTE
    ../mathlib/rred.c                        0x00000000   Number         0  rred.o ABSOLUTE
    ../mathlib/sin.c                         0x00000000   Number         0  sin.o ABSOLUTE
    ../mathlib/sin.c                         0x00000000   Number         0  sin_x.o ABSOLUTE
    ../mathlib/sin_i.c                       0x00000000   Number         0  sin_i.o ABSOLUTE
    ../mathlib/sin_i.c                       0x00000000   Number         0  sin_i_x.o ABSOLUTE
    ADCSWTrigger.c                           0x00000000   Number         0  adcswtrigger.o ABSOLUTE
    ADCTestMain.c                            0x00000000   Number         0  adctestmain.o ABSOLUTE
    Button.c                                 0x00000000   Number         0  button.o ABSOLUTE
    LCD.c                                    0x00000000   Number         0  lcd.o ABSOLUTE
    PLL.c                                    0x00000000   Number         0  pll.o ABSOLUTE
    ST7735.c                                 0x00000000   Number         0  st7735.o ABSOLUTE
    Speaker.c                                0x00000000   Number         0  speaker.o ABSOLUTE
    SysTick.c                                0x00000000   Number         0  systick.o ABSOLUTE
    Timer.c                                  0x00000000   Number         0  timer.o ABSOLUTE
    dc.s                                     0x00000000   Number         0  dc.o ABSOLUTE
    fixed.c                                  0x00000000   Number         0  fixed.o ABSOLUTE
    main.c                                   0x00000000   Number         0  main.o ABSOLUTE
    startup.s                                0x00000000   Number         0  startup.o ABSOLUTE
    !!!main                                  0x00000284   Section        8  __main.o(!!!main)
    !!!scatter                               0x0000028c   Section       52  __scatter.o(!!!scatter)
    !!dczerorl2                              0x000002c0   Section       90  __dczerorl2.o(!!dczerorl2)
    !!handler_zi                             0x0000031c   Section       28  __scatter_zi.o(!!handler_zi)
    .ARM.Collect$$libinit$$00000000          0x00000338   Section        2  libinit.o(.ARM.Collect$$libinit$$00000000)
    .ARM.Collect$$libinit$$00000002          0x0000033a   Section        0  libinit2.o(.ARM.Collect$$libinit$$00000002)
    .ARM.Collect$$libinit$$00000008          0x0000033a   Section        0  libinit2.o(.ARM.Collect$$libinit$$00000008)
    .ARM.Collect$$libinit$$0000000A          0x0000033a   Section        0  libinit2.o(.ARM.Collect$$libinit$$0000000A)
    .ARM.Collect$$libinit$$0000000C          0x0000033a   Section        0  libinit2.o(.ARM.Collect$$libinit$$0000000C)
    .ARM.Collect$$libinit$$0000000F          0x0000033a   Section        0  libinit2.o(.ARM.Collect$$libinit$$0000000F)
    .ARM.Collect$$libinit$$00000011          0x0000033a   Section        0  libinit2.o(.ARM.Collect$$libinit$$00000011)
    .ARM.Collect$$libinit$$00000013          0x0000033a   Section        0  libinit2.o(.ARM.Collect$$libinit$$00000013)
    .ARM.Collect$$libinit$$00000015          0x0000033a   Section        0  libinit2.o(.ARM.Collect$$libinit$$00000015)
    .ARM.Collect$$libinit$$00000017          0x0000033a   Section        0  libinit2.o(.ARM.Collect$$libinit$$00000017)
    .ARM.Collect$$libinit$$00000019          0x0000033a   Section        0  libinit2.o(.ARM.Collect$$libinit$$00000019)
    .ARM.Collect$$libinit$$0000001B          0x0000033a   Section        0  libinit2.o(.ARM.Collect$$libinit$$0000001B)
    .ARM.Collect$$libinit$$0000001D          0x0000033a   Section        0  libinit2.o(.ARM.Collect$$libinit$$0000001D)
    .ARM.Collect$$libinit$$0000001F          0x0000033a   Section        0  libinit2.o(.ARM.Collect$$libinit$$0000001F)
    .ARM.Collect$$libinit$$00000021          0x0000033a   Section        0  libinit2.o(.ARM.Collect$$libinit$$00000021)
    .ARM.Collect$$libinit$$00000023          0x0000033a   Section        0  libinit2.o(.ARM.Collect$$libinit$$00000023)
    .ARM.Collect$$libinit$$0000002A          0x0000033a   Section        0  libinit2.o(.ARM.Collect$$libinit$$0000002A)
    .ARM.Collect$$libinit$$0000002C          0x0000033a   Section        0  libinit2.o(.ARM.Collect$$libinit$$0000002C)
    .ARM.Collect$$libinit$$0000002E          0x0000033a   Section        0  libinit2.o(.ARM.Collect$$libinit$$0000002E)
    .ARM.Collect$$libinit$$00000030          0x0000033a   Section        0  libinit2.o(.ARM.Collect$$libinit$$00000030)
    .ARM.Collect$$libinit$$00000031          0x0000033a   Section        2  libinit2.o(.ARM.Collect$$libinit$$00000031)
    .ARM.Collect$$libshutdown$$00000000      0x0000033c   Section        2  libshutdown.o(.ARM.Collect$$libshutdown$$00000000)
    .ARM.Collect$$libshutdown$$00000003      0x0000033e   Section        0  libshutdown2.o(.ARM.Collect$$libshutdown$$00000003)
    .ARM.Collect$$libshutdown$$00000006      0x0000033e   Section        0  libshutdown2.o(.ARM.Collect$$libshutdown$$00000006)
    .ARM.Collect$$libshutdown$$00000009      0x0000033e   Section        0  libshutdown2.o(.ARM.Collect$$libshutdown$$00000009)
    .ARM.Collect$$libshutdown$$0000000B      0x0000033e   Section        0  libshutdown2.o(.ARM.Collect$$libshutdown$$0000000B)
    .ARM.Collect$$libshutdown$$0000000E      0x0000033e   Section        0  libshutdown2.o(.ARM.Collect$$libshutdown$$0000000E)
    .ARM.Collect$$libshutdown$$0000000F      0x0000033e   Section        2  libshutdown2.o(.ARM.Collect$$libshutdown$$0000000F)
    .ARM.Collect$$rtentry$$00000000          0x00000340   Section        0  rtentry.o(.ARM.Collect$$rtentry$$00000000)
    .ARM.Collect$$rtentry$$00000002          0x00000340   Section        0  rtentry2.o(.ARM.Collect$$rtentry$$00000002)
    .ARM.Collect$$rtentry$$00000004          0x00000340   Section        6  rtentry4.o(.ARM.Collect$$rtentry$$00000004)
    .ARM.Collect$$rtentry$$00000009          0x00000346   Section        0  rtentry2.o(.ARM.Collect$$rtentry$$00000009)
    .ARM.Collect$$rtentry$$0000000A          0x00000346   Section        4  rtentry2.o(.ARM.Collect$$rtentry$$0000000A)
    .ARM.Collect$$rtentry$$0000000C          0x0000034a   Section        0  rtentry2.o(.ARM.Collect$$rtentry$$0000000C)
    .ARM.Collect$$rtentry$$0000000D          0x0000034a   Section        8  rtentry2.o(.ARM.Collect$$rtentry$$0000000D)
    .ARM.Collect$$rtexit$$00000000           0x00000352   Section        2  rtexit.o(.ARM.Collect$$rtexit$$00000000)
    .ARM.Collect$$rtexit$$00000002           0x00000354   Section        0  rtexit2.o(.ARM.Collect$$rtexit$$00000002)
    .ARM.Collect$$rtexit$$00000003           0x00000354   Section        4  rtexit2.o(.ARM.Collect$$rtexit$$00000003)
    .ARM.Collect$$rtexit$$00000004           0x00000358   Section        6  rtexit2.o(.ARM.Collect$$rtexit$$00000004)
    .text                                    0x00000360   Section       48  startup.o(.text)
    .text                                    0x00000390   Section        0  heapauxi.o(.text)
    .text                                    0x00000396   Section        0  _rserrno.o(.text)
    .text                                    0x000003ac   Section        8  rt_errno_addr_intlibspace.o(.text)
    .text                                    0x000003b4   Section        8  libspace.o(.text)
    .text                                    0x000003bc   Section       74  sys_stackheap_outer.o(.text)
    .text                                    0x00000406   Section        0  exit.o(.text)
    .text                                    0x00000412   Section        2  use_no_semi.o(.text)
    .text                                    0x00000414   Section        0  indicate_semi.o(.text)
    .text                                    0x00000414   Section        0  sys_exit.o(.text)
    i.ADC0_InSeq3                            0x00000420   Section        0  adcswtrigger.o(i.ADC0_InSeq3)
    i.ADC0_InitSWTriggerSeq3_Ch9             0x0000044c   Section        0  adcswtrigger.o(i.ADC0_InitSWTriggerSeq3_Ch9)
    i.Delay1ms                               0x00000538   Section        0  st7735.o(i.Delay1ms)
    i.EdgeInterrupt_Init                     0x00000558   Section        0  button.o(i.EdgeInterrupt_Init)
    i.GPIOPortF_Handler                      0x000005e4   Section        0  button.o(i.GPIOPortF_Handler)
    i.PLL_Init                               0x00000b54   Section        0  pll.o(i.PLL_Init)
    i.PortD_Init                             0x00000bd0   Section        0  main.o(i.PortD_Init)
    i.PortF_Init                             0x00000c3c   Section        0  button.o(i.PortF_Init)
    i.ST7735_4Line                           0x00000c98   Section        0  lcd.o(i.ST7735_4Line)
    i.ST7735_DrawBitmap                      0x00000d04   Section        0  st7735.o(i.ST7735_DrawBitmap)
    i.ST7735_DrawCharS                       0x00000e24   Section        0  st7735.o(i.ST7735_DrawCharS)
    i.ST7735_DrawFastVLine                   0x00000f18   Section        0  st7735.o(i.ST7735_DrawFastVLine)
    i.ST7735_DrawPixel                       0x00000f94   Section        0  st7735.o(i.ST7735_DrawPixel)
    i.ST7735_DrawString                      0x00000fdc   Section        0  st7735.o(i.ST7735_DrawString)
    i.ST7735_FillRect                        0x00001034   Section        0  st7735.o(i.ST7735_FillRect)
    i.ST7735_FillScreen                      0x000010e0   Section        0  st7735.o(i.ST7735_FillScreen)
    i.ST7735_InitR                           0x00001104   Section        0  st7735.o(i.ST7735_InitR)
    i.ST7735_Line                            0x00001180   Section        0  lcd.o(i.ST7735_Line)
    i.ST7735_OutChar                         0x00001298   Section        0  st7735.o(i.ST7735_OutChar)
    i.ST7735_OutUDec                         0x0000136c   Section        0  st7735.o(i.ST7735_OutUDec)
    i.ST7735_SetCursor                       0x000013f8   Section        0  st7735.o(i.ST7735_SetCursor)
    i.ST7735_SetTextColor                    0x00001418   Section        0  st7735.o(i.ST7735_SetTextColor)
    i.SysTick_Handler                        0x00001424   Section        0  systick.o(i.SysTick_Handler)
    i.SysTick_Init                           0x000014ac   Section        0  systick.o(i.SysTick_Init)
    i.Timer0A_Handler                        0x000014e0   Section        0  button.o(i.Timer0A_Handler)
    i.Timer0Arm                              0x0000154c   Section        0  button.o(i.Timer0Arm)
    Timer0Arm                                0x0000154d   Thumb Code    60  button.o(i.Timer0Arm)
    i.__ARM_fpclassify                       0x00001598   Section        0  fpclassify.o(i.__ARM_fpclassify)
    i.__ieee754_rem_pio2                     0x000015c0   Section        0  rred.o(i.__ieee754_rem_pio2)
    i.__kernel_cos                           0x00001948   Section        0  cos_i.o(i.__kernel_cos)
    i.__kernel_poly                          0x00001a44   Section        0  poly.o(i.__kernel_poly)
    i.__kernel_sin                           0x00001af0   Section        0  sin_i.o(i.__kernel_sin)
    i.__mathlib_dbl_underflow                0x00001bdc   Section        0  dunder.o(i.__mathlib_dbl_underflow)
    i.checkAlarm                             0x00001bec   Section        0  speaker.o(i.checkAlarm)
    i.commandList                            0x00001c04   Section        0  st7735.o(i.commandList)
    commandList                              0x00001c05   Thumb Code    86  st7735.o(i.commandList)
    i.commonInit                             0x00001c5c   Section        0  st7735.o(i.commonInit)
    commonInit                               0x00001c5d   Thumb Code   340  st7735.o(i.commonInit)
    i.cos                                    0x00001de0   Section        0  cos.o(i.cos)
    i.drawFace                               0x00001e8c   Section        0  lcd.o(i.drawFace)
    i.drawHands                              0x00001ea4   Section        0  lcd.o(i.drawHands)
    i.eraseHands                             0x0000203c   Section        0  lcd.o(i.eraseHands)
    i.fillmessage                            0x000021d0   Section        0  st7735.o(i.fillmessage)
    i.getHours                               0x00002218   Section        0  timer.o(i.getHours)
    i.getMinutes                             0x00002280   Section        0  timer.o(i.getMinutes)
    i.getSeconds                             0x000022d8   Section        0  timer.o(i.getSeconds)
    i.main                                   0x00002328   Section        0  main.o(i.main)
    i.outputTime                             0x000029e0   Section        0  timer.o(i.outputTime)
    i.outputTimer                            0x00002a6e   Section        0  timer.o(i.outputTimer)
    i.pushColor                              0x00002ac2   Section        0  st7735.o(i.pushColor)
    pushColor                                0x00002ac3   Thumb Code    18  st7735.o(i.pushColor)
    i.setAddrWindow                          0x00002ad4   Section        0  st7735.o(i.setAddrWindow)
    setAddrWindow                            0x00002ad5   Thumb Code   106  st7735.o(i.setAddrWindow)
    i.sin                                    0x00002b48   Section        0  sin.o(i.sin)
    i.updateTime                             0x00002bf8   Section        0  timer.o(i.updateTime)
    i.writecommand                           0x00002c14   Section        0  st7735.o(i.writecommand)
    writecommand                             0x00002c15   Thumb Code    40  st7735.o(i.writecommand)
    i.writedata                              0x00002c44   Section        0  st7735.o(i.writedata)
    writedata                                0x00002c45   Thumb Code    24  st7735.o(i.writedata)
    x$fpl$dadd                               0x00002c64   Section      336  daddsub_clz.o(x$fpl$dadd)
    _dadd1                                   0x00002c75   Thumb Code     0  daddsub_clz.o(x$fpl$dadd)
    x$fpl$dcheck1                            0x00002db4   Section       16  dcheck1.o(x$fpl$dcheck1)
    x$fpl$ddiv                               0x00002dc4   Section      688  ddiv.o(x$fpl$ddiv)
    ddiv_entry                               0x00002dcb   Thumb Code     0  ddiv.o(x$fpl$ddiv)
    x$fpl$dfix                               0x00003074   Section       94  dfix.o(x$fpl$dfix)
    x$fpl$dflt                               0x000030d2   Section       46  dflt_clz.o(x$fpl$dflt)
    x$fpl$dfltu                              0x00003100   Section       38  dflt_clz.o(x$fpl$dfltu)
    x$fpl$dmul                               0x00003128   Section      340  dmul.o(x$fpl$dmul)
    x$fpl$dnaninf                            0x0000327c   Section      156  dnaninf.o(x$fpl$dnaninf)
    x$fpl$dretinf                            0x00003318   Section       12  dretinf.o(x$fpl$dretinf)
    x$fpl$drsb                               0x00003324   Section       22  daddsub_clz.o(x$fpl$drsb)
    x$fpl$dsub                               0x0000333c   Section      468  daddsub_clz.o(x$fpl$dsub)
    _dsub1                                   0x0000334d   Thumb Code     0  daddsub_clz.o(x$fpl$dsub)
    x$fpl$retnan                             0x00003510   Section      100  retnan.o(x$fpl$retnan)
    x$fpl$scalbn                             0x00003574   Section       92  scalbn.o(x$fpl$scalbn)
    x$fpl$trapveneer                         0x000035d0   Section       48  trapv.o(x$fpl$trapveneer)
    .constdata                               0x00003600   Section     2018  st7735.o(.constdata)
    x$fpl$usenofp                            0x00003600   Section        0  usenofp.o(x$fpl$usenofp)
    Font                                     0x00003600   Data        1275  st7735.o(.constdata)
    Bcmd                                     0x00003afb   Data         103  st7735.o(.constdata)
    Rcmd1                                    0x00003b62   Data          59  st7735.o(.constdata)
    Rcmd2green                               0x00003b9d   Data          13  st7735.o(.constdata)
    Rcmd2red                                 0x00003baa   Data          13  st7735.o(.constdata)
    Rcmd3                                    0x00003bb7   Data          43  st7735.o(.constdata)
    .constdata                               0x00003de2   Section       64  systick.o(.constdata)
    .constdata                               0x00003e22   Section    12800  lcd.o(.constdata)
    .constdata                               0x00007028   Section       48  cos_i.o(.constdata)
    C                                        0x00007028   Data          48  cos_i.o(.constdata)
    .constdata                               0x00007058   Section      200  rred.o(.constdata)
    pio2s                                    0x00007058   Data          48  rred.o(.constdata)
    twooverpi                                0x00007088   Data         152  rred.o(.constdata)
    .constdata                               0x00007120   Section       40  sin_i.o(.constdata)
    S                                        0x00007120   Data          40  sin_i.o(.constdata)
    .conststring                             0x00007148   Section       54  main.o(.conststring)
    .data                                    0x20000000   Section      464  main.o(.data)
    .data                                    0x200001d0   Section       44  st7735.o(.data)
    _width                                   0x200001da   Data           2  st7735.o(.data)
    _height                                  0x200001dc   Data           2  st7735.o(.data)
    ColStart                                 0x200001e4   Data           1  st7735.o(.data)
    RowStart                                 0x200001e5   Data           1  st7735.o(.data)
    Rotation                                 0x200001e6   Data           1  st7735.o(.data)
    TabColor                                 0x200001e7   Data           1  st7735.o(.data)
    .data                                    0x200001fc   Section        9  systick.o(.data)
    count                                    0x200001fc   Data           4  systick.o(.data)
    .data                                    0x20000208   Section       12  speaker.o(.data)
    .data                                    0x20000214   Section       20  button.o(.data)
    last4                                    0x20000218   Data           4  button.o(.data)
    last0                                    0x2000021c   Data           4  button.o(.data)
    .data                                    0x20000228   Section       40  timer.o(.data)
    .bss                                     0x20000250   Section       12  st7735.o(.bss)
    .bss                                     0x2000025c   Section       96  libspace.o(.bss)
    HEAP                                     0x200002c0   Section        0  startup.o(HEAP)
    STACK                                    0x200002c0   Section     1024  startup.o(STACK)
    HeapMem                                  0x200002c0   Data           0  startup.o(HEAP)
    StackMem                                 0x200002c0   Data           0  startup.o(STACK)

    Global Symbols

    Symbol Name                              Value     Ov Type        Size  Object(Section)

    BuildAttributes$$THM_ISAv4$E$P$D$K$B$S$7EM$PE$A:L22UL41UL21$X:L11$S22US41US21$IEEE1$IW$USESV6$~STKCKD$USESV7$~SHL$OTIME$ROPI$IEEEX$EBA8$UX$STANDARDLIB$REQ8$PRES8$EABIv2 0x00000000   Number         0  anon$$obj.o ABSOLUTE
    __ARM_use_no_argv                        0x00000000   Number         0  main.o ABSOLUTE
    __Vectors                                0x00000000   Data           0  startup.o(RESET)
    _printf_flags                            0x00000000   Number         0  printf_stubs.o ABSOLUTE
    _printf_return_value                     0x00000000   Number         0  printf_stubs.o ABSOLUTE
    _printf_sizespec                         0x00000000   Number         0  printf_stubs.o ABSOLUTE
    _printf_widthprec                        0x00000000   Number         0  printf_stubs.o ABSOLUTE
    __ARM_exceptions_init                     - Undefined Weak Reference
    __alloca_initialize                       - Undefined Weak Reference
    __cpp_initialize__aeabi_                  - Undefined Weak Reference
    __cxa_finalize                            - Undefined Weak Reference
    __rt_locale                               - Undefined Weak Reference
    __sigvec_lookup                           - Undefined Weak Reference
    __user_heap_extent                        - Undefined Weak Reference
    _atexit_init                              - Undefined Weak Reference
    _call_atexit_fns                          - Undefined Weak Reference
    _clock_init                               - Undefined Weak Reference
    _fp_trap_init                             - Undefined Weak Reference
    _fp_trap_shutdown                         - Undefined Weak Reference
    _get_lc_collate                           - Undefined Weak Reference
    _get_lc_ctype                             - Undefined Weak Reference
    _get_lc_monetary                          - Undefined Weak Reference
    _get_lc_numeric                           - Undefined Weak Reference
    _get_lc_time                              - Undefined Weak Reference
    _getenv_init                              - Undefined Weak Reference
    _handle_redirection                       - Undefined Weak Reference
    _mutex_acquire                            - Undefined Weak Reference
    _mutex_free                               - Undefined Weak Reference
    _mutex_release                            - Undefined Weak Reference
    _printf_truncate_signed                   - Undefined Weak Reference
    _printf_truncate_unsigned                 - Undefined Weak Reference
    _rand_init                                - Undefined Weak Reference
    _signal_finish                            - Undefined Weak Reference
    _signal_init                              - Undefined Weak Reference
    Reset_Handler                            0x0000026d   Thumb Code     0  startup.o(RESET)
    NMI_Handler                              0x00000271   Thumb Code     2  startup.o(RESET)
    HardFault_Handler                        0x00000273   Thumb Code     2  startup.o(RESET)
    MemManage_Handler                        0x00000275   Thumb Code     2  startup.o(RESET)
    BusFault_Handler                         0x00000277   Thumb Code     2  startup.o(RESET)
    UsageFault_Handler                       0x00000279   Thumb Code     2  startup.o(RESET)
    SVC_Handler                              0x0000027b   Thumb Code     2  startup.o(RESET)
    DebugMon_Handler                         0x0000027d   Thumb Code     2  startup.o(RESET)
    PendSV_Handler                           0x0000027f   Thumb Code     2  startup.o(RESET)
    ADC0Seq0_Handler                         0x00000283   Thumb Code     0  startup.o(RESET)
    ADC0Seq1_Handler                         0x00000283   Thumb Code     0  startup.o(RESET)
    ADC0Seq2_Handler                         0x00000283   Thumb Code     0  startup.o(RESET)
    ADC0Seq3_Handler                         0x00000283   Thumb Code     0  startup.o(RESET)
    ADC1Seq0_Handler                         0x00000283   Thumb Code     0  startup.o(RESET)
    ADC1Seq1_Handler                         0x00000283   Thumb Code     0  startup.o(RESET)
    ADC1Seq2_Handler                         0x00000283   Thumb Code     0  startup.o(RESET)
    ADC1Seq3_Handler                         0x00000283   Thumb Code     0  startup.o(RESET)
    CAN0_Handler                             0x00000283   Thumb Code     0  startup.o(RESET)
    CAN1_Handler                             0x00000283   Thumb Code     0  startup.o(RESET)
    CAN2_Handler                             0x00000283   Thumb Code     0  startup.o(RESET)
    Comp0_Handler                            0x00000283   Thumb Code     0  startup.o(RESET)
    Comp1_Handler                            0x00000283   Thumb Code     0  startup.o(RESET)
    Comp2_Handler                            0x00000283   Thumb Code     0  startup.o(RESET)
    Ethernet_Handler                         0x00000283   Thumb Code     0  startup.o(RESET)
    ExtBus_Handler                           0x00000283   Thumb Code     0  startup.o(RESET)
    FPU_Handler                              0x00000283   Thumb Code     0  startup.o(RESET)
    Fan0_Handler                             0x00000283   Thumb Code     0  startup.o(RESET)
    FlashCtl_Handler                         0x00000283   Thumb Code     0  startup.o(RESET)
    GPIOPortA_Handler                        0x00000283   Thumb Code     0  startup.o(RESET)
    GPIOPortB_Handler                        0x00000283   Thumb Code     0  startup.o(RESET)
    GPIOPortC_Handler                        0x00000283   Thumb Code     0  startup.o(RESET)
    GPIOPortD_Handler                        0x00000283   Thumb Code     0  startup.o(RESET)
    GPIOPortE_Handler                        0x00000283   Thumb Code     0  startup.o(RESET)
    GPIOPortG_Handler                        0x00000283   Thumb Code     0  startup.o(RESET)
    GPIOPortH_Handler                        0x00000283   Thumb Code     0  startup.o(RESET)
    GPIOPortJ_Handler                        0x00000283   Thumb Code     0  startup.o(RESET)
    GPIOPortK_Handler                        0x00000283   Thumb Code     0  startup.o(RESET)
    GPIOPortL_Handler                        0x00000283   Thumb Code     0  startup.o(RESET)
    GPIOPortM_Handler                        0x00000283   Thumb Code     0  startup.o(RESET)
    GPIOPortN_Handler                        0x00000283   Thumb Code     0  startup.o(RESET)
    GPIOPortP1_Handler                       0x00000283   Thumb Code     0  startup.o(RESET)
    GPIOPortP2_Handler                       0x00000283   Thumb Code     0  startup.o(RESET)
    GPIOPortP3_Handler                       0x00000283   Thumb Code     0  startup.o(RESET)
    GPIOPortP4_Handler                       0x00000283   Thumb Code     0  startup.o(RESET)
    GPIOPortP5_Handler                       0x00000283   Thumb Code     0  startup.o(RESET)
    GPIOPortP6_Handler                       0x00000283   Thumb Code     0  startup.o(RESET)
    GPIOPortP7_Handler                       0x00000283   Thumb Code     0  startup.o(RESET)
    GPIOPortP_Handler                        0x00000283   Thumb Code     0  startup.o(RESET)
    GPIOPortQ1_Handler                       0x00000283   Thumb Code     0  startup.o(RESET)
    GPIOPortQ2_Handler                       0x00000283   Thumb Code     0  startup.o(RESET)
    GPIOPortQ3_Handler                       0x00000283   Thumb Code     0  startup.o(RESET)
    GPIOPortQ4_Handler                       0x00000283   Thumb Code     0  startup.o(RESET)
    GPIOPortQ5_Handler                       0x00000283   Thumb Code     0  startup.o(RESET)
    GPIOPortQ6_Handler                       0x00000283   Thumb Code     0  startup.o(RESET)
    GPIOPortQ7_Handler                       0x00000283   Thumb Code     0  startup.o(RESET)
    GPIOPortQ_Handler                        0x00000283   Thumb Code     0  startup.o(RESET)
    GPIOPortR_Handler                        0x00000283   Thumb Code     0  startup.o(RESET)
    GPIOPortS_Handler                        0x00000283   Thumb Code     0  startup.o(RESET)
    Hibernate_Handler                        0x00000283   Thumb Code     0  startup.o(RESET)
    I2C0_Handler                             0x00000283   Thumb Code     0  startup.o(RESET)
    I2C1_Handler                             0x00000283   Thumb Code     0  startup.o(RESET)
    I2C2_Handler                             0x00000283   Thumb Code     0  startup.o(RESET)
    I2C3_Handler                             0x00000283   Thumb Code     0  startup.o(RESET)
    I2C4_Handler                             0x00000283   Thumb Code     0  startup.o(RESET)
    I2C5_Handler                             0x00000283   Thumb Code     0  startup.o(RESET)
    I2S0_Handler                             0x00000283   Thumb Code     0  startup.o(RESET)
    LPC0_Handler                             0x00000283   Thumb Code     0  startup.o(RESET)
    PECI0_Handler                            0x00000283   Thumb Code     0  startup.o(RESET)
    PWM0Fault_Handler                        0x00000283   Thumb Code     0  startup.o(RESET)
    PWM0Generator0_Handler                   0x00000283   Thumb Code     0  startup.o(RESET)
    PWM0Generator1_Handler                   0x00000283   Thumb Code     0  startup.o(RESET)
    PWM0Generator2_Handler                   0x00000283   Thumb Code     0  startup.o(RESET)
    PWM0Generator3_Handler                   0x00000283   Thumb Code     0  startup.o(RESET)
    PWM1Fault_Handler                        0x00000283   Thumb Code     0  startup.o(RESET)
    PWM1Generator0_Handler                   0x00000283   Thumb Code     0  startup.o(RESET)
    PWM1Generator1_Handler                   0x00000283   Thumb Code     0  startup.o(RESET)
    PWM1Generator2_Handler                   0x00000283   Thumb Code     0  startup.o(RESET)
    PWM1Generator3_Handler                   0x00000283   Thumb Code     0  startup.o(RESET)
    Quadrature0_Handler                      0x00000283   Thumb Code     0  startup.o(RESET)
    Quadrature1_Handler                      0x00000283   Thumb Code     0  startup.o(RESET)
    Quadrature2_Handler                      0x00000283   Thumb Code     0  startup.o(RESET)
    SSI0_Handler                             0x00000283   Thumb Code     0  startup.o(RESET)
    SSI1_Handler                             0x00000283   Thumb Code     0  startup.o(RESET)
    SSI2_Handler                             0x00000283   Thumb Code     0  startup.o(RESET)
    SSI3_Handler                             0x00000283   Thumb Code     0  startup.o(RESET)
    SysCtl_Handler                           0x00000283   Thumb Code     0  startup.o(RESET)
    Timer0B_Handler                          0x00000283   Thumb Code     0  startup.o(RESET)
    Timer1A_Handler                          0x00000283   Thumb Code     0  startup.o(RESET)
    Timer1B_Handler                          0x00000283   Thumb Code     0  startup.o(RESET)
    Timer2A_Handler                          0x00000283   Thumb Code     0  startup.o(RESET)
    Timer2B_Handler                          0x00000283   Thumb Code     0  startup.o(RESET)
    Timer3A_Handler                          0x00000283   Thumb Code     0  startup.o(RESET)
    Timer3B_Handler                          0x00000283   Thumb Code     0  startup.o(RESET)
    Timer4A_Handler                          0x00000283   Thumb Code     0  startup.o(RESET)
    Timer4B_Handler                          0x00000283   Thumb Code     0  startup.o(RESET)
    Timer5A_Handler                          0x00000283   Thumb Code     0  startup.o(RESET)
    Timer5B_Handler                          0x00000283   Thumb Code     0  startup.o(RESET)
    UART0_Handler                            0x00000283   Thumb Code     0  startup.o(RESET)
    UART1_Handler                            0x00000283   Thumb Code     0  startup.o(RESET)
    UART2_Handler                            0x00000283   Thumb Code     0  startup.o(RESET)
    UART3_Handler                            0x00000283   Thumb Code     0  startup.o(RESET)
    UART4_Handler                            0x00000283   Thumb Code     0  startup.o(RESET)
    UART5_Handler                            0x00000283   Thumb Code     0  startup.o(RESET)
    UART6_Handler                            0x00000283   Thumb Code     0  startup.o(RESET)
    UART7_Handler                            0x00000283   Thumb Code     0  startup.o(RESET)
    USB0_Handler                             0x00000283   Thumb Code     0  startup.o(RESET)
    WDT_Handler                              0x00000283   Thumb Code     0  startup.o(RESET)
    WideTimer0A_Handler                      0x00000283   Thumb Code     0  startup.o(RESET)
    WideTimer0B_Handler                      0x00000283   Thumb Code     0  startup.o(RESET)
    WideTimer1A_Handler                      0x00000283   Thumb Code     0  startup.o(RESET)
    WideTimer1B_Handler                      0x00000283   Thumb Code     0  startup.o(RESET)
    WideTimer2A_Handler                      0x00000283   Thumb Code     0  startup.o(RESET)
    WideTimer2B_Handler                      0x00000283   Thumb Code     0  startup.o(RESET)
    WideTimer3A_Handler                      0x00000283   Thumb Code     0  startup.o(RESET)
    WideTimer3B_Handler                      0x00000283   Thumb Code     0  startup.o(RESET)
    WideTimer4A_Handler                      0x00000283   Thumb Code     0  startup.o(RESET)
    WideTimer4B_Handler                      0x00000283   Thumb Code     0  startup.o(RESET)
    WideTimer5A_Handler                      0x00000283   Thumb Code     0  startup.o(RESET)
    WideTimer5B_Handler                      0x00000283   Thumb Code     0  startup.o(RESET)
    uDMA_Error                               0x00000283   Thumb Code     0  startup.o(RESET)
    uDMA_Handler                             0x00000283   Thumb Code     0  startup.o(RESET)
    __main                                   0x00000285   Thumb Code     8  __main.o(!!!main)
    __scatterload                            0x0000028d   Thumb Code     0  __scatter.o(!!!scatter)
    __scatterload_rt2                        0x0000028d   Thumb Code    44  __scatter.o(!!!scatter)
    __scatterload_rt2_thumb_only             0x0000028d   Thumb Code     0  __scatter.o(!!!scatter)
    __scatterload_null                       0x0000029b   Thumb Code     0  __scatter.o(!!!scatter)
    __decompress                             0x000002c1   Thumb Code    90  __dczerorl2.o(!!dczerorl2)
    __decompress1                            0x000002c1   Thumb Code     0  __dczerorl2.o(!!dczerorl2)
    __scatterload_zeroinit                   0x0000031d   Thumb Code    28  __scatter_zi.o(!!handler_zi)
    __rt_lib_init                            0x00000339   Thumb Code     0  libinit.o(.ARM.Collect$$libinit$$00000000)
    __rt_lib_init_alloca_1                   0x0000033b   Thumb Code     0  libinit2.o(.ARM.Collect$$libinit$$0000002C)
    __rt_lib_init_argv_1                     0x0000033b   Thumb Code     0  libinit2.o(.ARM.Collect$$libinit$$0000002A)
    __rt_lib_init_atexit_1                   0x0000033b   Thumb Code     0  libinit2.o(.ARM.Collect$$libinit$$00000019)
    __rt_lib_init_clock_1                    0x0000033b   Thumb Code     0  libinit2.o(.ARM.Collect$$libinit$$0000001F)
    __rt_lib_init_cpp_1                      0x0000033b   Thumb Code     0  libinit2.o(.ARM.Collect$$libinit$$00000030)
    __rt_lib_init_exceptions_1               0x0000033b   Thumb Code     0  libinit2.o(.ARM.Collect$$libinit$$0000002E)
    __rt_lib_init_fp_1                       0x0000033b   Thumb Code     0  libinit2.o(.ARM.Collect$$libinit$$00000002)
    __rt_lib_init_fp_trap_1                  0x0000033b   Thumb Code     0  libinit2.o(.ARM.Collect$$libinit$$0000001D)
    __rt_lib_init_getenv_1                   0x0000033b   Thumb Code     0  libinit2.o(.ARM.Collect$$libinit$$00000021)
    __rt_lib_init_heap_1                     0x0000033b   Thumb Code     0  libinit2.o(.ARM.Collect$$libinit$$00000008)
    __rt_lib_init_lc_collate_1               0x0000033b   Thumb Code     0  libinit2.o(.ARM.Collect$$libinit$$0000000F)
    __rt_lib_init_lc_ctype_1                 0x0000033b   Thumb Code     0  libinit2.o(.ARM.Collect$$libinit$$00000011)
    __rt_lib_init_lc_monetary_1              0x0000033b   Thumb Code     0  libinit2.o(.ARM.Collect$$libinit$$00000013)
    __rt_lib_init_lc_numeric_1               0x0000033b   Thumb Code     0  libinit2.o(.ARM.Collect$$libinit$$00000015)
    __rt_lib_init_lc_time_1                  0x0000033b   Thumb Code     0  libinit2.o(.ARM.Collect$$libinit$$00000017)
    __rt_lib_init_rand_1                     0x0000033b   Thumb Code     0  libinit2.o(.ARM.Collect$$libinit$$0000000C)
    __rt_lib_init_return                     0x0000033b   Thumb Code     0  libinit2.o(.ARM.Collect$$libinit$$00000031)
    __rt_lib_init_signal_1                   0x0000033b   Thumb Code     0  libinit2.o(.ARM.Collect$$libinit$$0000001B)
    __rt_lib_init_stdio_1                    0x0000033b   Thumb Code     0  libinit2.o(.ARM.Collect$$libinit$$00000023)
    __rt_lib_init_user_alloc_1               0x0000033b   Thumb Code     0  libinit2.o(.ARM.Collect$$libinit$$0000000A)
    __rt_lib_shutdown                        0x0000033d   Thumb Code     0  libshutdown.o(.ARM.Collect$$libshutdown$$00000000)
    __rt_lib_shutdown_fp_trap_1              0x0000033f   Thumb Code     0  libshutdown2.o(.ARM.Collect$$libshutdown$$00000006)
    __rt_lib_shutdown_heap_1                 0x0000033f   Thumb Code     0  libshutdown2.o(.ARM.Collect$$libshutdown$$0000000E)
    __rt_lib_shutdown_return                 0x0000033f   Thumb Code     0  libshutdown2.o(.ARM.Collect$$libshutdown$$0000000F)
    __rt_lib_shutdown_signal_1               0x0000033f   Thumb Code     0  libshutdown2.o(.ARM.Collect$$libshutdown$$00000009)
    __rt_lib_shutdown_stdio_1                0x0000033f   Thumb Code     0  libshutdown2.o(.ARM.Collect$$libshutdown$$00000003)
    __rt_lib_shutdown_user_alloc_1           0x0000033f   Thumb Code     0  libshutdown2.o(.ARM.Collect$$libshutdown$$0000000B)
    __rt_entry                               0x00000341   Thumb Code     0  rtentry.o(.ARM.Collect$$rtentry$$00000000)
    __rt_entry_presh_1                       0x00000341   Thumb Code     0  rtentry2.o(.ARM.Collect$$rtentry$$00000002)
    __rt_entry_sh                            0x00000341   Thumb Code     0  rtentry4.o(.ARM.Collect$$rtentry$$00000004)
    __rt_entry_li                            0x00000347   Thumb Code     0  rtentry2.o(.ARM.Collect$$rtentry$$0000000A)
    __rt_entry_postsh_1                      0x00000347   Thumb Code     0  rtentry2.o(.ARM.Collect$$rtentry$$00000009)
    __rt_entry_main                          0x0000034b   Thumb Code     0  rtentry2.o(.ARM.Collect$$rtentry$$0000000D)
    __rt_entry_postli_1                      0x0000034b   Thumb Code     0  rtentry2.o(.ARM.Collect$$rtentry$$0000000C)
    __rt_exit                                0x00000353   Thumb Code     0  rtexit.o(.ARM.Collect$$rtexit$$00000000)
    __rt_exit_ls                             0x00000355   Thumb Code     0  rtexit2.o(.ARM.Collect$$rtexit$$00000003)
    __rt_exit_prels_1                        0x00000355   Thumb Code     0  rtexit2.o(.ARM.Collect$$rtexit$$00000002)
    __rt_exit_exit                           0x00000359   Thumb Code     0  rtexit2.o(.ARM.Collect$$rtexit$$00000004)
    DisableInterrupts                        0x00000361   Thumb Code     0  startup.o(.text)
    EnableInterrupts                         0x00000365   Thumb Code     0  startup.o(.text)
    StartCritical                            0x00000369   Thumb Code     0  startup.o(.text)
    EndCritical                              0x00000371   Thumb Code     0  startup.o(.text)
    WaitForInterrupt                         0x00000377   Thumb Code     0  startup.o(.text)
    __user_initial_stackheap                 0x0000037b   Thumb Code     0  startup.o(.text)
    __use_two_region_memory                  0x00000391   Thumb Code     2  heapauxi.o(.text)
    __rt_heap_escrow                         0x00000393   Thumb Code     2  heapauxi.o(.text)
    __rt_heap_expand                         0x00000395   Thumb Code     2  heapauxi.o(.text)
    __read_errno                             0x00000397   Thumb Code    10  _rserrno.o(.text)
    __set_errno                              0x000003a1   Thumb Code    12  _rserrno.o(.text)
    __aeabi_errno_addr                       0x000003ad   Thumb Code     8  rt_errno_addr_intlibspace.o(.text)
    __errno$intlibspace                      0x000003ad   Thumb Code     0  rt_errno_addr_intlibspace.o(.text)
    __rt_errno_addr$intlibspace              0x000003ad   Thumb Code     0  rt_errno_addr_intlibspace.o(.text)
    __user_libspace                          0x000003b5   Thumb Code     8  libspace.o(.text)
    __user_perproc_libspace                  0x000003b5   Thumb Code     0  libspace.o(.text)
    __user_perthread_libspace                0x000003b5   Thumb Code     0  libspace.o(.text)
    __user_setup_stackheap                   0x000003bd   Thumb Code    74  sys_stackheap_outer.o(.text)
    exit                                     0x00000407   Thumb Code    12  exit.o(.text)
    __I$use$semihosting                      0x00000413   Thumb Code     0  use_no_semi.o(.text)
    __use_no_semihosting_swi                 0x00000413   Thumb Code     2  use_no_semi.o(.text)
    __semihosting_library_function           0x00000415   Thumb Code     0  indicate_semi.o(.text)
    _sys_exit                                0x00000415   Thumb Code     8  sys_exit.o(.text)
    ADC0_InSeq3                              0x00000421   Thumb Code    36  adcswtrigger.o(i.ADC0_InSeq3)
    ADC0_InitSWTriggerSeq3_Ch9               0x0000044d   Thumb Code   206  adcswtrigger.o(i.ADC0_InitSWTriggerSeq3_Ch9)
    Delay1ms                                 0x00000539   Thumb Code    32  st7735.o(i.Delay1ms)
    EdgeInterrupt_Init                       0x00000559   Thumb Code   110  button.o(i.EdgeInterrupt_Init)
    GPIOPortF_Handler                        0x000005e5   Thumb Code  1380  button.o(i.GPIOPortF_Handler)
    PLL_Init                                 0x00000b55   Thumb Code   118  pll.o(i.PLL_Init)
    PortD_Init                               0x00000bd1   Thumb Code    84  main.o(i.PortD_Init)
    PortF_Init                               0x00000c3d   Thumb Code    74  button.o(i.PortF_Init)
    ST7735_4Line                             0x00000c99   Thumb Code   108  lcd.o(i.ST7735_4Line)
    ST7735_DrawBitmap                        0x00000d05   Thumb Code   280  st7735.o(i.ST7735_DrawBitmap)
    ST7735_DrawCharS                         0x00000e25   Thumb Code   232  st7735.o(i.ST7735_DrawCharS)
    ST7735_DrawFastVLine                     0x00000f19   Thumb Code   116  st7735.o(i.ST7735_DrawFastVLine)
    ST7735_DrawPixel                         0x00000f95   Thumb Code    64  st7735.o(i.ST7735_DrawPixel)
    ST7735_DrawString                        0x00000fdd   Thumb Code    86  st7735.o(i.ST7735_DrawString)
    ST7735_FillRect                          0x00001035   Thumb Code   164  st7735.o(i.ST7735_FillRect)
    ST7735_FillScreen                        0x000010e1   Thumb Code    28  st7735.o(i.ST7735_FillScreen)
    ST7735_InitR                             0x00001105   Thumb Code    90  st7735.o(i.ST7735_InitR)
    ST7735_Line                              0x00001181   Thumb Code   280  lcd.o(i.ST7735_Line)
    ST7735_OutChar                           0x00001299   Thumb Code   176  st7735.o(i.ST7735_OutChar)
    ST7735_OutUDec                           0x0000136d   Thumb Code   118  st7735.o(i.ST7735_OutUDec)
    ST7735_SetCursor                         0x000013f9   Thumb Code    22  st7735.o(i.ST7735_SetCursor)
    ST7735_SetTextColor                      0x00001419   Thumb Code     6  st7735.o(i.ST7735_SetTextColor)
    SysTick_Handler                          0x00001425   Thumb Code   102  systick.o(i.SysTick_Handler)
    SysTick_Init                             0x000014ad   Thumb Code    42  systick.o(i.SysTick_Init)
    Timer0A_Handler                          0x000014e1   Thumb Code    78  button.o(i.Timer0A_Handler)
    __ARM_fpclassify                         0x00001599   Thumb Code    40  fpclassify.o(i.__ARM_fpclassify)
    __ieee754_rem_pio2                       0x000015c1   Thumb Code   832  rred.o(i.__ieee754_rem_pio2)
    __kernel_cos                             0x00001949   Thumb Code   230  cos_i.o(i.__kernel_cos)
    __kernel_poly                            0x00001a45   Thumb Code   170  poly.o(i.__kernel_poly)
    __kernel_sin                             0x00001af1   Thumb Code   224  sin_i.o(i.__kernel_sin)
    __mathlib_dbl_underflow                  0x00001bdd   Thumb Code    10  dunder.o(i.__mathlib_dbl_underflow)
    checkAlarm                               0x00001bed   Thumb Code    18  speaker.o(i.checkAlarm)
    cos                                      0x00001de1   Thumb Code   164  cos.o(i.cos)
    drawFace                                 0x00001e8d   Thumb Code    20  lcd.o(i.drawFace)
    drawHands                                0x00001ea5   Thumb Code   384  lcd.o(i.drawHands)
    eraseHands                               0x0000203d   Thumb Code   380  lcd.o(i.eraseHands)
    fillmessage                              0x000021d1   Thumb Code    64  st7735.o(i.fillmessage)
    getHours                                 0x00002219   Thumb Code    94  timer.o(i.getHours)
    getMinutes                               0x00002281   Thumb Code    82  timer.o(i.getMinutes)
    getSeconds                               0x000022d9   Thumb Code    76  timer.o(i.getSeconds)
    main                                     0x00002329   Thumb Code  1666  main.o(i.main)
    outputTime                               0x000029e1   Thumb Code   142  timer.o(i.outputTime)
    outputTimer                              0x00002a6f   Thumb Code    84  timer.o(i.outputTimer)
    sin                                      0x00002b49   Thumb Code   166  sin.o(i.sin)
    updateTime                               0x00002bf9   Thumb Code    26  timer.o(i.updateTime)
    __aeabi_dadd                             0x00002c65   Thumb Code     0  daddsub_clz.o(x$fpl$dadd)
    _dadd                                    0x00002c65   Thumb Code   332  daddsub_clz.o(x$fpl$dadd)
    __fpl_dcheck_NaN1                        0x00002db5   Thumb Code    10  dcheck1.o(x$fpl$dcheck1)
    __aeabi_ddiv                             0x00002dc5   Thumb Code     0  ddiv.o(x$fpl$ddiv)
    _ddiv                                    0x00002dc5   Thumb Code   552  ddiv.o(x$fpl$ddiv)
    __aeabi_d2iz                             0x00003075   Thumb Code     0  dfix.o(x$fpl$dfix)
    _dfix                                    0x00003075   Thumb Code    94  dfix.o(x$fpl$dfix)
    __aeabi_i2d                              0x000030d3   Thumb Code     0  dflt_clz.o(x$fpl$dflt)
    _dflt                                    0x000030d3   Thumb Code    46  dflt_clz.o(x$fpl$dflt)
    __aeabi_ui2d                             0x00003101   Thumb Code     0  dflt_clz.o(x$fpl$dfltu)
    _dfltu                                   0x00003101   Thumb Code    38  dflt_clz.o(x$fpl$dfltu)
    __aeabi_dmul                             0x00003129   Thumb Code     0  dmul.o(x$fpl$dmul)
    _dmul                                    0x00003129   Thumb Code   332  dmul.o(x$fpl$dmul)
    __fpl_dnaninf                            0x0000327d   Thumb Code   156  dnaninf.o(x$fpl$dnaninf)
    __fpl_dretinf                            0x00003319   Thumb Code    12  dretinf.o(x$fpl$dretinf)
    __aeabi_drsub                            0x00003325   Thumb Code     0  daddsub_clz.o(x$fpl$drsb)
    _drsb                                    0x00003325   Thumb Code    22  daddsub_clz.o(x$fpl$drsb)
    __aeabi_dsub                             0x0000333d   Thumb Code     0  daddsub_clz.o(x$fpl$dsub)
    _dsub                                    0x0000333d   Thumb Code   464  daddsub_clz.o(x$fpl$dsub)
    __fpl_return_NaN                         0x00003511   Thumb Code   100  retnan.o(x$fpl$retnan)
    __ARM_scalbn                             0x00003575   Thumb Code    92  scalbn.o(x$fpl$scalbn)
    __fpl_cmpreturn                          0x000035d1   Thumb Code    48  trapv.o(x$fpl$trapveneer)
    __I$use$fp                               0x00003600   Number         0  usenofp.o(x$fpl$usenofp)
    dBfs                                     0x00003be2   Data         512  st7735.o(.constdata)
    sine                                     0x00003de2   Data          64  systick.o(.constdata)
    clockFace                                0x00003e22   Data       12800  lcd.o(.constdata)
    Region$$Table$$Base                      0x00007180   Number         0  anon$$obj.o(Region$$Table)
    Region$$Table$$Limit                     0x000071a0   Number         0  anon$$obj.o(Region$$Table)
    timeInactive                             0x20000000   Data           4  main.o(.data)
    phases                                   0x20000004   Data         448  main.o(.data)
    phase_num                                0x200001c4   Data           1  main.o(.data)
    lastTimePressed                          0x200001c8   Data           4  main.o(.data)
    ADCvalue                                 0x200001cc   Data           4  main.o(.data)
    StX                                      0x200001d0   Data           4  st7735.o(.data)
    StY                                      0x200001d4   Data           4  st7735.o(.data)
    StTextColor                              0x200001d8   Data           2  st7735.o(.data)
    lastj                                    0x200001e0   Data           4  st7735.o(.data)
    Messageindex                             0x200001e8   Data           4  st7735.o(.data)
    Ymax                                     0x200001ec   Data           4  st7735.o(.data)
    Ymin                                     0x200001f0   Data           4  st7735.o(.data)
    X                                        0x200001f4   Data           4  st7735.o(.data)
    Yrange                                   0x200001f8   Data           4  st7735.o(.data)
    secFlag                                  0x20000200   Data           4  systick.o(.data)
    Index                                    0x20000204   Data           1  systick.o(.data)
    time_speaker                             0x20000208   Data           4  speaker.o(.data)
    alarm                                    0x2000020c   Data           4  speaker.o(.data)
    inAlarm                                  0x20000210   Data           4  speaker.o(.data)
    d_flag                                   0x20000214   Data           4  button.o(.data)
    sw_flag                                  0x20000220   Data           4  button.o(.data)
    reset_flag                               0x20000224   Data           4  button.o(.data)
    time                                     0x20000228   Data           4  timer.o(.data)
    time_sw                                  0x2000022c   Data           4  timer.o(.data)
    sec                                      0x20000230   Data           3  timer.o(.data)
    min                                      0x20000233   Data           3  timer.o(.data)
    hour                                     0x20000236   Data           3  timer.o(.data)
    sec_s                                    0x20000239   Data           3  timer.o(.data)
    min_s                                    0x2000023c   Data           3  timer.o(.data)
    time_d                                   0x20000240   Data           4  timer.o(.data)
    h                                        0x20000244   Data           4  timer.o(.data)
    m                                        0x20000248   Data           4  timer.o(.data)
    s                                        0x2000024c   Data           4  timer.o(.data)
    Message                                  0x20000250   Data          12  st7735.o(.bss)
    __libspace_start                         0x2000025c   Data          96  libspace.o(.bss)
    __temporary_stack_top$libspace           0x200002bc   Data           0  libspace.o(.bss)



==============================================================================

Memory Map of the image

  Image Entry point : 0x0000026d

  Load Region LR_1 (Base: 0x00000000, Size: 0x000073f0, Max: 0xffffffff, ABSOLUTE, COMPRESSED[0x000071fc])

    Execution Region ER_RO (Base: 0x00000000, Size: 0x000071a0, Max: 0xffffffff, ABSOLUTE)

    Base Addr    Size         Type   Attr      Idx    E Section Name        Object

    0x00000000   0x00000284   Code   RO            3  * RESET               startup.o
    0x00000284   0x00000008   Code   RO          617  * !!!main             c_w.l(__main.o)
    0x0000028c   0x00000034   Code   RO         1008    !!!scatter          c_w.l(__scatter.o)
    0x000002c0   0x0000005a   Code   RO         1006    !!dczerorl2         c_w.l(__dczerorl2.o)
    0x0000031a   0x00000002   PAD
    0x0000031c   0x0000001c   Code   RO         1010    !!handler_zi        c_w.l(__scatter_zi.o)
    0x00000338   0x00000002   Code   RO          820    .ARM.Collect$$libinit$$00000000  c_w.l(libinit.o)
    0x0000033a   0x00000000   Code   RO          822    .ARM.Collect$$libinit$$00000002  c_w.l(libinit2.o)
    0x0000033a   0x00000000   Code   RO          825    .ARM.Collect$$libinit$$00000008  c_w.l(libinit2.o)
    0x0000033a   0x00000000   Code   RO          827    .ARM.Collect$$libinit$$0000000A  c_w.l(libinit2.o)
    0x0000033a   0x00000000   Code   RO          829    .ARM.Collect$$libinit$$0000000C  c_w.l(libinit2.o)
    0x0000033a   0x00000000   Code   RO          832    .ARM.Collect$$libinit$$0000000F  c_w.l(libinit2.o)
    0x0000033a   0x00000000   Code   RO          834    .ARM.Collect$$libinit$$00000011  c_w.l(libinit2.o)
    0x0000033a   0x00000000   Code   RO          836    .ARM.Collect$$libinit$$00000013  c_w.l(libinit2.o)
    0x0000033a   0x00000000   Code   RO          838    .ARM.Collect$$libinit$$00000015  c_w.l(libinit2.o)
    0x0000033a   0x00000000   Code   RO          840    .ARM.Collect$$libinit$$00000017  c_w.l(libinit2.o)
    0x0000033a   0x00000000   Code   RO          842    .ARM.Collect$$libinit$$00000019  c_w.l(libinit2.o)
    0x0000033a   0x00000000   Code   RO          844    .ARM.Collect$$libinit$$0000001B  c_w.l(libinit2.o)
    0x0000033a   0x00000000   Code   RO          846    .ARM.Collect$$libinit$$0000001D  c_w.l(libinit2.o)
    0x0000033a   0x00000000   Code   RO          848    .ARM.Collect$$libinit$$0000001F  c_w.l(libinit2.o)
    0x0000033a   0x00000000   Code   RO          850    .ARM.Collect$$libinit$$00000021  c_w.l(libinit2.o)
    0x0000033a   0x00000000   Code   RO          852    .ARM.Collect$$libinit$$00000023  c_w.l(libinit2.o)
    0x0000033a   0x00000000   Code   RO          856    .ARM.Collect$$libinit$$0000002A  c_w.l(libinit2.o)
    0x0000033a   0x00000000   Code   RO          858    .ARM.Collect$$libinit$$0000002C  c_w.l(libinit2.o)
    0x0000033a   0x00000000   Code   RO          860    .ARM.Collect$$libinit$$0000002E  c_w.l(libinit2.o)
    0x0000033a   0x00000000   Code   RO          862    .ARM.Collect$$libinit$$00000030  c_w.l(libinit2.o)
    0x0000033a   0x00000002   Code   RO          863    .ARM.Collect$$libinit$$00000031  c_w.l(libinit2.o)
    0x0000033c   0x00000002   Code   RO          985    .ARM.Collect$$libshutdown$$00000000  c_w.l(libshutdown.o)
    0x0000033e   0x00000000   Code   RO          866    .ARM.Collect$$libshutdown$$00000003  c_w.l(libshutdown2.o)
    0x0000033e   0x00000000   Code   RO          869    .ARM.Collect$$libshutdown$$00000006  c_w.l(libshutdown2.o)
    0x0000033e   0x00000000   Code   RO          872    .ARM.Collect$$libshutdown$$00000009  c_w.l(libshutdown2.o)
    0x0000033e   0x00000000   Code   RO          874    .ARM.Collect$$libshutdown$$0000000B  c_w.l(libshutdown2.o)
    0x0000033e   0x00000000   Code   RO          877    .ARM.Collect$$libshutdown$$0000000E  c_w.l(libshutdown2.o)
    0x0000033e   0x00000002   Code   RO          878    .ARM.Collect$$libshutdown$$0000000F  c_w.l(libshutdown2.o)
    0x00000340   0x00000000   Code   RO          657    .ARM.Collect$$rtentry$$00000000  c_w.l(rtentry.o)
    0x00000340   0x00000000   Code   RO          693    .ARM.Collect$$rtentry$$00000002  c_w.l(rtentry2.o)
    0x00000340   0x00000006   Code   RO          705    .ARM.Collect$$rtentry$$00000004  c_w.l(rtentry4.o)
    0x00000346   0x00000000   Code   RO          695    .ARM.Collect$$rtentry$$00000009  c_w.l(rtentry2.o)
    0x00000346   0x00000004   Code   RO          696    .ARM.Collect$$rtentry$$0000000A  c_w.l(rtentry2.o)
    0x0000034a   0x00000000   Code   RO          698    .ARM.Collect$$rtentry$$0000000C  c_w.l(rtentry2.o)
    0x0000034a   0x00000008   Code   RO          699    .ARM.Collect$$rtentry$$0000000D  c_w.l(rtentry2.o)
    0x00000352   0x00000002   Code   RO          884    .ARM.Collect$$rtexit$$00000000  c_w.l(rtexit.o)
    0x00000354   0x00000000   Code   RO          936    .ARM.Collect$$rtexit$$00000002  c_w.l(rtexit2.o)
    0x00000354   0x00000004   Code   RO          937    .ARM.Collect$$rtexit$$00000003  c_w.l(rtexit2.o)
    0x00000358   0x00000006   Code   RO          938    .ARM.Collect$$rtexit$$00000004  c_w.l(rtexit2.o)
    0x0000035e   0x00000002   PAD
    0x00000360   0x00000030   Code   RO            4    .text               startup.o
    0x00000390   0x00000006   Code   RO          615    .text               c_w.l(heapauxi.o)
    0x00000396   0x00000016   Code   RO          658    .text               c_w.l(_rserrno.o)
    0x000003ac   0x00000008   Code   RO          710    .text               c_w.l(rt_errno_addr_intlibspace.o)
    0x000003b4   0x00000008   Code   RO          731    .text               c_w.l(libspace.o)
    0x000003bc   0x0000004a   Code   RO          736    .text               c_w.l(sys_stackheap_outer.o)
    0x00000406   0x0000000c   Code   RO          807    .text               c_w.l(exit.o)
    0x00000412   0x00000002   Code   RO          881    .text               c_w.l(use_no_semi.o)
    0x00000414   0x00000000   Code   RO          883    .text               c_w.l(indicate_semi.o)
    0x00000414   0x0000000c   Code   RO          933    .text               c_w.l(sys_exit.o)
    0x00000420   0x0000002c   Code   RO           56    i.ADC0_InSeq3       adcswtrigger.o
    0x0000044c   0x000000ec   Code   RO           57    i.ADC0_InitSWTriggerSeq3_Ch9  adcswtrigger.o
    0x00000538   0x00000020   Code   RO          136    i.Delay1ms          st7735.o
    0x00000558   0x0000008c   Code   RO          455    i.EdgeInterrupt_Init  button.o
    0x000005e4   0x00000570   Code   RO          456    i.GPIOPortF_Handler  button.o
    0x00000b54   0x0000007c   Code   RO           77    i.PLL_Init          pll.o
    0x00000bd0   0x0000006c   Code   RO           12    i.PortD_Init        main.o
    0x00000c3c   0x0000005c   Code   RO          457    i.PortF_Init        button.o
    0x00000c98   0x0000006c   Code   RO          494    i.ST7735_4Line      lcd.o
    0x00000d04   0x00000120   Code   RO          143    i.ST7735_DrawBitmap  st7735.o
    0x00000e24   0x000000f4   Code   RO          145    i.ST7735_DrawCharS  st7735.o
    0x00000f18   0x0000007c   Code   RO          147    i.ST7735_DrawFastVLine  st7735.o
    0x00000f94   0x00000048   Code   RO          148    i.ST7735_DrawPixel  st7735.o
    0x00000fdc   0x00000056   Code   RO          149    i.ST7735_DrawString  st7735.o
    0x00001032   0x00000002   PAD
    0x00001034   0x000000ac   Code   RO          150    i.ST7735_FillRect   st7735.o
    0x000010e0   0x00000024   Code   RO          151    i.ST7735_FillScreen  st7735.o
    0x00001104   0x0000007c   Code   RO          153    i.ST7735_InitR      st7735.o
    0x00001180   0x00000118   Code   RO          495    i.ST7735_Line       lcd.o
    0x00001298   0x000000d4   Code   RO          155    i.ST7735_OutChar    st7735.o
    0x0000136c   0x0000008c   Code   RO          157    i.ST7735_OutUDec    st7735.o
    0x000013f8   0x00000020   Code   RO          166    i.ST7735_SetCursor  st7735.o
    0x00001418   0x0000000c   Code   RO          168    i.ST7735_SetTextColor  st7735.o
    0x00001424   0x00000088   Code   RO          405    i.SysTick_Handler   systick.o
    0x000014ac   0x00000034   Code   RO          406    i.SysTick_Init      systick.o
    0x000014e0   0x0000006c   Code   RO          458    i.Timer0A_Handler   button.o
    0x0000154c   0x0000004c   Code   RO          459    i.Timer0Arm         button.o
    0x00001598   0x00000028   Code   RO          722    i.__ARM_fpclassify  m_ws.l(fpclassify.o)
    0x000015c0   0x00000388   Code   RO          681    i.__ieee754_rem_pio2  m_ws.l(rred.o)
    0x00001948   0x000000fc   Code   RO          678    i.__kernel_cos      m_ws.l(cos_i.o)
    0x00001a44   0x000000aa   Code   RO          724    i.__kernel_poly     m_ws.l(poly.o)
    0x00001aee   0x00000002   PAD
    0x00001af0   0x000000ec   Code   RO          686    i.__kernel_sin      m_ws.l(sin_i.o)
    0x00001bdc   0x00000010   Code   RO          720    i.__mathlib_dbl_underflow  m_ws.l(dunder.o)
    0x00001bec   0x00000018   Code   RO          440    i.checkAlarm        speaker.o
    0x00001c04   0x00000056   Code   RO          170    i.commandList       st7735.o
    0x00001c5a   0x00000002   PAD
    0x00001c5c   0x00000184   Code   RO          171    i.commonInit        st7735.o
    0x00001de0   0x000000ac   Code   RO          642    i.cos               m_ws.l(cos.o)
    0x00001e8c   0x00000018   Code   RO          496    i.drawFace          lcd.o
    0x00001ea4   0x00000198   Code   RO          497    i.drawHands         lcd.o
    0x0000203c   0x00000194   Code   RO          498    i.eraseHands        lcd.o
    0x000021d0   0x00000048   Code   RO          174    i.fillmessage       st7735.o
    0x00002218   0x00000068   Code   RO          536    i.getHours          timer.o
    0x00002280   0x00000058   Code   RO          537    i.getMinutes        timer.o
    0x000022d8   0x00000050   Code   RO          538    i.getSeconds        timer.o
    0x00002328   0x000006b8   Code   RO           13    i.main              main.o
    0x000029e0   0x0000008e   Code   RO          539    i.outputTime        timer.o
    0x00002a6e   0x00000054   Code   RO          540    i.outputTimer       timer.o
    0x00002ac2   0x00000012   Code   RO          176    i.pushColor         st7735.o
    0x00002ad4   0x00000074   Code   RO          177    i.setAddrWindow     st7735.o
    0x00002b48   0x000000b0   Code   RO          650    i.sin               m_ws.l(sin.o)
    0x00002bf8   0x0000001a   Code   RO          541    i.updateTime        timer.o
    0x00002c12   0x00000002   PAD
    0x00002c14   0x00000030   Code   RO          178    i.writecommand      st7735.o
    0x00002c44   0x00000020   Code   RO          179    i.writedata         st7735.o
    0x00002c64   0x00000150   Code   RO          619    x$fpl$dadd          fz_ws.l(daddsub_clz.o)
    0x00002db4   0x00000010   Code   RO          718    x$fpl$dcheck1       fz_ws.l(dcheck1.o)
    0x00002dc4   0x000002b0   Code   RO          626    x$fpl$ddiv          fz_ws.l(ddiv.o)
    0x00003074   0x0000005e   Code   RO          629    x$fpl$dfix          fz_ws.l(dfix.o)
    0x000030d2   0x0000002e   Code   RO          634    x$fpl$dflt          fz_ws.l(dflt_clz.o)
    0x00003100   0x00000026   Code   RO          633    x$fpl$dfltu         fz_ws.l(dflt_clz.o)
    0x00003126   0x00000002   PAD
    0x00003128   0x00000154   Code   RO          639    x$fpl$dmul          fz_ws.l(dmul.o)
    0x0000327c   0x0000009c   Code   RO          671    x$fpl$dnaninf       fz_ws.l(dnaninf.o)
    0x00003318   0x0000000c   Code   RO          673    x$fpl$dretinf       fz_ws.l(dretinf.o)
    0x00003324   0x00000016   Code   RO          620    x$fpl$drsb          fz_ws.l(daddsub_clz.o)
    0x0000333a   0x00000002   PAD
    0x0000333c   0x000001d4   Code   RO          621    x$fpl$dsub          fz_ws.l(daddsub_clz.o)
    0x00003510   0x00000064   Code   RO          879    x$fpl$retnan        fz_ws.l(retnan.o)
    0x00003574   0x0000005c   Code   RO          675    x$fpl$scalbn        fz_ws.l(scalbn.o)
    0x000035d0   0x00000030   Code   RO          931    x$fpl$trapveneer    fz_ws.l(trapv.o)
    0x00003600   0x00000000   Code   RO          677    x$fpl$usenofp       fz_ws.l(usenofp.o)
    0x00003600   0x000007e2   Data   RO          181    .constdata          st7735.o
    0x00003de2   0x00000040   Data   RO          409    .constdata          systick.o
    0x00003e22   0x00003200   Data   RO          499    .constdata          lcd.o
    0x00007022   0x00000006   PAD
    0x00007028   0x00000030   Data   RO          679    .constdata          m_ws.l(cos_i.o)
    0x00007058   0x000000c8   Data   RO          683    .constdata          m_ws.l(rred.o)
    0x00007120   0x00000028   Data   RO          687    .constdata          m_ws.l(sin_i.o)
    0x00007148   0x00000036   Data   RO           14    .conststring        main.o
    0x0000717e   0x00000002   PAD
    0x00007180   0x00000020   Data   RO         1004    Region$$Table       anon$$obj.o


    Execution Region ER_RW (Base: 0x20000000, Size: 0x00000250, Max: 0xffffffff, ABSOLUTE, COMPRESSED[0x0000005c])

    Base Addr    Size         Type   Attr      Idx    E Section Name        Object

    0x20000000   0x000001d0   Data   RW           15    .data               main.o
    0x200001d0   0x0000002c   Data   RW          182    .data               st7735.o
    0x200001fc   0x00000009   Data   RW          410    .data               systick.o
    0x20000205   0x00000003   PAD
    0x20000208   0x0000000c   Data   RW          441    .data               speaker.o
    0x20000214   0x00000014   Data   RW          460    .data               button.o
    0x20000228   0x00000028   Data   RW          542    .data               timer.o


    Execution Region ER_ZI (Base: 0x20000250, Size: 0x00000470, Max: 0xffffffff, ABSOLUTE)

    Base Addr    Size         Type   Attr      Idx    E Section Name        Object

    0x20000250   0x0000000c   Zero   RW          180    .bss                st7735.o
    0x2000025c   0x00000060   Zero   RW          732    .bss                c_w.l(libspace.o)
    0x200002bc   0x00000004   PAD
    0x200002c0   0x00000000   Zero   RW            2    HEAP                startup.o
    0x200002c0   0x00000400   Zero   RW            1    STACK               startup.o


==============================================================================

Image component sizes


      Code (inc. data)   RO Data    RW Data    ZI Data      Debug   Object Name

       280         38          0          0          0        803   adcswtrigger.o
      1808        202          0         20          0       3499   button.o
      1224         52      12800          0          0       3301   lcd.o
      1828        152         54        464          0       7564   main.o
       124          6          0          0          0        375   pll.o
        24          6          0         12          0        598   speaker.o
      2334        242       2018         44         12      13247   st7735.o
       692        632          0          0       1024        828   startup.o
       188         44         64          9          0       1402   systick.o
       524         20          0         40          0       3518   timer.o

    ----------------------------------------------------------------------
      9032       1394      14976        592       1036      35135   Object Totals
         0          0         32          0          0          0   (incl. Generated)
         6          0          8          3          0          0   (incl. Padding)

    ----------------------------------------------------------------------

      Code (inc. data)   RO Data    RW Data    ZI Data      Debug   Library Member Name

        90          0          0          0          0          0   __dczerorl2.o
         8          0          0          0          0         68   __main.o
        52          8          0          0          0          0   __scatter.o
        28          0          0          0          0          0   __scatter_zi.o
        22          0          0          0          0        100   _rserrno.o
        12          0          0          0          0         72   exit.o
         6          0          0          0          0        152   heapauxi.o
         0          0          0          0          0          0   indicate_semi.o
         2          0          0          0          0          0   libinit.o
         2          0          0          0          0          0   libinit2.o
         2          0          0          0          0          0   libshutdown.o
         2          0          0          0          0          0   libshutdown2.o
         8          4          0          0         96         68   libspace.o
         8          4          0          0          0         68   rt_errno_addr_intlibspace.o
         0          0          0          0          0          0   rtentry.o
        12          0          0          0          0          0   rtentry2.o
         6          0          0          0          0          0   rtentry4.o
         2          0          0          0          0          0   rtexit.o
        10          0          0          0          0          0   rtexit2.o
        12          4          0          0          0         68   sys_exit.o
        74          0          0          0          0         80   sys_stackheap_outer.o
         2          0          0          0          0         68   use_no_semi.o
       826         16          0          0          0        348   daddsub_clz.o
        16          4          0          0          0         68   dcheck1.o
       688        140          0          0          0        208   ddiv.o
        94          4          0          0          0         92   dfix.o
        84          0          0          0          0        136   dflt_clz.o
       340         12          0          0          0        104   dmul.o
       156          4          0          0          0         92   dnaninf.o
        12          0          0          0          0         68   dretinf.o
       100          0          0          0          0         68   retnan.o
        92          0          0          0          0         68   scalbn.o
        48          0          0          0          0         68   trapv.o
         0          0          0          0          0          0   usenofp.o
       172          8          0          0          0        112   cos.o
       252         22         48          0          0        124   cos_i.o
        16          6          0          0          0         68   dunder.o
        40          0          0          0          0         68   fpclassify.o
       170          0          0          0          0         96   poly.o
       904         72        200          0          0        140   rred.o
       176         10          0          0          0        116   sin.o
       236         12         40          0          0        128   sin_i.o

    ----------------------------------------------------------------------
      4792        330        288          0        100       2916   Library Totals
        10          0          0          0          4          0   (incl. Padding)

    ----------------------------------------------------------------------

      Code (inc. data)   RO Data    RW Data    ZI Data      Debug   Library Name

       360         20          0          0         96        744   c_w.l
      2456        180          0          0          0       1320   fz_ws.l
      1966        130        288          0          0        852   m_ws.l

    ----------------------------------------------------------------------
      4792        330        288          0        100       2916   Library Totals

    ----------------------------------------------------------------------

==============================================================================


      Code (inc. data)   RO Data    RW Data    ZI Data      Debug   

     13824       1724      15264        592       1136      34359   Grand Totals
     13824       1724      15264         92       1136      34359   ELF Image Totals (compressed)
     13824       1724      15264         92          0          0   ROM Totals

==============================================================================

    Total RO  Size (Code + RO Data)                29088 (  28.41kB)
    Total RW  Size (RW Data + ZI Data)              1728 (   1.69kB)
    Total ROM Size (Code + RO Data + RW Data)      29180 (  28.50kB)

==============================================================================

