<html>
<body>
<pre>
<h1>µVision Build Log</h1>
<h2>Project:</h2>
C:\EE445L\Lab3\ADCSWTrigger.uvproj
Project File Date:  09/28/2018

<h2>Output:</h2>
Rebuild target 'ADCSWTrigger'
assembling startup.s...
compiling main.c...
compiling ADCSWTrigger.c...
compiling ADCTestMain.c...
compiling PLL.c...
compiling fixed.c...
compiling ST7735.c...
compiling SysTick.c...
compiling Speaker.c...
compiling Button.c...
Button.c(140): warning:  #175-D: subscript out of range
              if (phases[4].highlight == 0){
Button.c(150): warning:  #175-D: subscript out of range
              else if (phases[4].highlight == 1) {
Button.c(165): warning:  #175-D: subscript out of range
              else if (phases[4].highlight == 2) {
Button.c(237): warning:  #175-D: subscript out of range
                                                phases[4].color[phases[4].highlight] = ST7735_WHITE;
Button.c(237): warning:  #175-D: subscript out of range
                                                phases[4].color[phases[4].highlight] = ST7735_WHITE;
Button.c(238): warning:  #175-D: subscript out of range
              phases[4].highlight = (phases[4].highlight+1)%3;
Button.c(238): warning:  #175-D: subscript out of range
              phases[4].highlight = (phases[4].highlight+1)%3;
Button.c(239): warning:  #175-D: subscript out of range
              phases[4].color[phases[4].highlight] = ST7735_YELLOW;
Button.c(239): warning:  #175-D: subscript out of range
              phases[4].color[phases[4].highlight] = ST7735_YELLOW;
Button.c: 9 warnings, 0 errors
compiling LCD.c...
compiling Timer.c...
linking...
Program Size: Code=13824 RO-data=15264 RW-data=592 ZI-data=1136  
".\ADCSWTrigger.axf" - 0 Error(s), 9 Warning(s).
Load "C:\\EE445L\\Lab3\\ADCSWTrigger.axf" 
Connecting: Mode=JTAG, Speed=1000000Hz
Erase Done.
Programming Done.
Verify OK.
ta=1132  
".\ADCSWTrigger.axf" - 0 Error(s), 11 Warning(s).
Load "C:\\EE445L\\Lab3\\ADCSWTrigger.axf" 
Connecting: Mode=JTAG, Speed=1000000Hz
Erase Done.
Programming Done.
Verify OK.
