<html>
<body>
<pre>
<h1>µVision Build Log</h1>
<h2>Project:</h2>
C:\EE445L\Lab3\ADCSWTrigger.uvproj
Project File Date:  09/23/2018

<h2>Output:</h2>
Rebuild target 'ADCSWTrigger'
assembling startup.s...
compiling main.c...
compiling ADCSWTrigger.c...
compiling ADCTestMain.c...
compiling PLL.c...
compiling fixed.c...
compiling ST7735.c...
compiling SysTick.c...
compiling Speaker.c...
compiling Button.c...
Button.c(140): warning:  #175-D: subscript out of range
              if (phases[4].highlight == 0){
Button.c(147): warning:  #175-D: subscript out of range
              else if (phases[4].highlight == 1) {
Button.c(153): warning:  #175-D: subscript out of range
              else if (phases[4].highlight == 2) {
Button.c: 3 warnings, 0 errors
compiling LCD.c...
compiling Timer.c...
linking...
Program Size: Code=13628 RO-data=15260 RW-data=568 ZI-data=1136  
".\ADCSWTrigger.axf" - 0 Error(s), 3 Warning(s).
Load "C:\\EE445L\\Lab3\\ADCSWTrigger.axf" 
Connecting: Mode=JTAG, Speed=1000000Hz
Erase Done.
Programming Done.
Verify OK.
735.c...
compiling SysTick.c...
compiling Speaker.c...
compiling Button.c...
Button.c(140): warning:  #175-D: subscript out of range
              if (phases[4].highlight == 0){
Button.c(147): warning:  #175-D: subscript out of range
              else if (phases[4].highlight == 1) {
Button.c(153): warning:  #175-D: subscript out of range
              else if (phases[4].highlight == 2) {
Button.c: 3 warnings, 0 errors
compiling LCD.c...
compiling Timer.c...
".\ADCSWTrigger.axf" - 6 Error(s), 3 Warning(s).
Target not created
            if (phases[4].highlight == 0){
Button.c(147): warning:  #175-D: subscript out of range
              else if (phases[4].highlight == 1) {
Button.c(153): warning:  #175-D: subscript out of range
              else if (phases[4].highlight == 2) {
Button.c: 3 warnings, 0 errors
compiling LCD.c...
compiling Timer.c...
".\ADCSWTrigger.axf" - 9 Error(s), 3 Warning(s).
Target not created
